L251 LINKER/LOCATER V4.66.93.0                                                          02/16/2026  01:45:12  PAGE 1


L251 LINKER/LOCATER V4.66.93.0, INVOKED BY:
D:\PROGRAM FILES (X86)\KEIL_V5\C251\BIN\L251.EXE .\Objects\ws2812_display.obj, .\Objects\ws2812_test.obj, .\Objects\ws28
>> 12_driver.obj, .\Objects\main.obj, .\Objects\port.obj, .\Objects\usblib.obj, .\Sources\lib\stc_usb_cdc_32g.lib TO .\O
>> bjects\ws2812_driver PRINT (.\Listings\ws2812_driver.map) CASE DISABLEWARNING (16) REMOVEUNUSED CLASSES (EDATA (0X0-0
>> X7FF), HDATA (0X0-0X7FF))


CPU MODE:     251 SOURCE MODE
INTR FRAME:   4 BYTES SAVED ON INTERRUPT
MEMORY MODEL: XSMALL WITH FLOATING POINT ARITHMETIC


INPUT MODULES INCLUDED:
  .\Objects\ws2812_display.obj (ws2812_display)
         COMMENT TYPE 0: C251 V5.60.0
  .\Objects\ws2812_test.obj (ws2812_test)
         COMMENT TYPE 0: C251 V5.60.0
  .\Objects\ws2812_driver.obj (ws2812_driver)
         COMMENT TYPE 0: C251 V5.60.0
  .\Objects\main.obj (main)
         COMMENT TYPE 0: C251 V5.60.0
  .\Objects\port.obj (port)
         COMMENT TYPE 0: C251 V5.60.0
  .\Objects\usblib.obj (usblib)
         COMMENT TYPE 0: C251 V5.60.0
  .\Sources\lib\stc_usb_cdc_32g.lib (usb)
         COMMENT TYPE 0: C251 V5.60.0
  .\Sources\lib\stc_usb_cdc_32g.lib (usb_req_class)
         COMMENT TYPE 0: C251 V5.60.0
  .\Sources\lib\stc_usb_cdc_32g.lib (usb_req_std)
         COMMENT TYPE 0: C251 V5.60.0
  .\Sources\lib\stc_usb_cdc_32g.lib (usb_req_vendor)
         COMMENT TYPE 0: C251 V5.60.0
  .\Sources\lib\stc_usb_cdc_32g.lib (util)
         COMMENT TYPE 0: C251 V5.60.0
  .\Sources\lib\stc_usb_cdc_32g.lib (usb_desc)
         COMMENT TYPE 0: C251 V5.60.0
  D:\PROGRAM FILES (X86)\KEIL_V5\C251\LIB\C2SFPXS.LIB (SPRINTF)
         COMMENT TYPE 0: A251 V4.69.6.0
  D:\PROGRAM FILES (X86)\KEIL_V5\C251\LIB\C2SFPXS.LIB (VSPRINTF)
         COMMENT TYPE 0: A251 V4.69.6.0
  D:\PROGRAM FILES (X86)\KEIL_V5\C251\LIB\C2SFPXS.LIB (?C?PRNFMT)
         COMMENT TYPE 0: A251 V4.69.6.0
  D:\PROGRAM FILES (X86)\KEIL_V5\C251\LIB\C2SFPXS.LIB (?C?FPCONVERT)
         COMMENT TYPE 0: A251 V4.69.6.0
  D:\PROGRAM FILES (X86)\KEIL_V5\C251\LIB\C2SFPXS.LIB (?C?FPMUL)
         COMMENT TYPE 0: A251 V4.69.6.0
  D:\PROGRAM FILES (X86)\KEIL_V5\C251\LIB\C2SFPXS.LIB (?C?FPDIV)
         COMMENT TYPE 0: A251 V4.69.6.0
  D:\PROGRAM FILES (X86)\KEIL_V5\C251\LIB\C2SFPXS.LIB (?C?FTNPWR)
         COMMENT TYPE 0: A251 V4.69.6.0
  D:\PROGRAM FILES (X86)\KEIL_V5\C251\LIB\C2SFPXS.LIB (?C?FPGETOPN)
         COMMENT TYPE 0: A251 V4.69.6.0
  D:\PROGRAM FILES (X86)\KEIL_V5\C251\LIB\C2SXS.LIB (?C_START)
         COMMENT TYPE 0: A251 V4.69.6.0
  D:\PROGRAM FILES (X86)\KEIL_V5\C251\LIB\C2SXS.LIB (?C?INITEDATA)
         COMMENT TYPE 0: A251 V4.69.6.0
  D:\PROGRAM FILES (X86)\KEIL_V5\C251\LIB\C2SXS.LIB (?C?LMUL)
         COMMENT TYPE 0: A251 V4.69.6.0
  D:\PROGRAM FILES (X86)\KEIL_V5\C251\LIB\C2SXS.LIB (STRLEN)
         COMMENT TYPE 0: C251 V5.58.7
  D:\PROGRAM FILES (X86)\KEIL_V5\C251\LIB\C2SXS.LIB (memcpy)
         COMMENT TYPE 0: C251 V5.58.7
  D:\PROGRAM FILES (X86)\KEIL_V5\C251\LIB\C2SXS.LIB (?C?INITEDATA_END)
         COMMENT TYPE 0: A251 V4.69.6.0

L251 LINKER/LOCATER V4.66.93.0                                                        02/16/2026  01:45:12  PAGE 2



ACTIVE MEMORY CLASSES OF MODULE:  .\Objects\ws2812_driver (ws2812_display)

BASE        START       END         USED      MEMORY CLASS
==========================================================
000000H     000000H     0007FFH     000154H   EDATA
000000H     000000H     0007FFH               HDATA
FF0000H     FF0000H     FFFFFFH     001785H   CODE
000000H     FF0000H     FFFFFFH     000098H   HCONST
010000H     010000H     01FFFFH     00025AH   XDATA
000020H.0   000020H.0   00002FH.7   000000H.4 BIT
FF0000H     FF0000H     FFFFFFH     000004H   CONST
000000H     000000H     00007FH     000008H   DATA


MEMORY MAP OF MODULE:  .\Objects\ws2812_driver (ws2812_display)


START     STOP      LENGTH    ALIGN  RELOC    MEMORY CLASS   SEGMENT NAME
=========================================================================
000000H   000007H   000008H   ---    AT..     DATA           "REG BANK 0"
000008H   00000EH   000007H   BYTE   UNIT     EDATA          ?ED?USB_REQ_CLASS
00000FH   000011H   000003H   BYTE   UNIT     EDATA          ?ED?WS2812_TEST
000012H   000012H   000001H   BYTE   UNIT     EDATA          ?ED?WS2812_DISPLAY
000013H   000013H   000001H   BYTE   UNIT     EDATA          ?ED?WS2812_DRIVER
000014H.0 00001FH.7 00000CH.0 ---    ---      **GAP**
000020H.0 000020H.2 000000H.3 BIT    UNIT     BIT            ?BI?USB
000020H.3 000020H.3 000000H.1 BIT    UNIT     BIT            ?BI?WS2812_TEST
000020H.4 000020H   000000H.4 ---    ---      **GAP**
000021H   00004CH   00002CH   BYTE   UNIT     EDATA          _EDATA_GROUP_
00004DH   000068H   00001CH   BYTE   UNIT     EDATA          ?ED?USB
000069H   000168H   000100H   BYTE   UNIT     EDATA          ?STACK
000169H   00FFFFH   00FE97H   ---    ---      **GAP**
010000H   0100D9H   0000DAH   BYTE   INSEG    XDATA          ?XD?WS2812_TEST
0100DAH   010199H   0000C0H   BYTE   INSEG    XDATA          ?XD?WS2812_DISPLAY
01019AH   010259H   0000C0H   BYTE   INSEG    XDATA          ?XD?USB
01025AH   FEFFFFH   FDFDA6H   ---    ---      **GAP**
FF0000H   FF0002H   000003H   ---    OFFS..   CODE           ?CO?start251?4
FF0003H   FF00C8H   0000C6H   BYTE   INSEG    CODE           ?PR?WS2812_BUILD_PWM_DATA?WS2812_TEST
FF00C9H   FF00C9H   000001H   BYTE   INSEG    CODE           ?PR?USB_SUSPEND?USB
FF00CAH   FF00CAH   000001H   BYTE   INSEG    CODE           ?PR?USB_RESUME?USB
FF00CBH   FF00CDH   000003H   ---    OFFS..   CODE           ?PR?IV?25
FF00CEH   FF01D0H   000103H   BYTE   INSEG    CODE           ?PR?USB_GET_STATUS?USB_REQ_STD
FF01D1H   FF0238H   000068H   BYTE   INSEG    CODE           ?PR?WS2812_DMA_START?WS2812_TEST
FF0239H   FF023EH   000006H   BYTE   INSEG    CODE           ?PR?HC595_PULSE_SRCLK?WS2812_TEST
FF023FH   FF0241H   000003H   BYTE   INSEG    CODE           ?PR?USB_SET_DESCRIPTOR?USB_REQ_STD
FF0242H   FF0242H   000001H   ---    ---      **GAP**
FF0243H   FF0245H   000003H   ---    OFFS..   CODE           ?PR?IV?72
FF0246H   FF09B0H   00076BH   BYTE   UNIT     CODE           ?C?LIB_CODE
FF09B1H   FF0A95H   0000E5H   BYTE   INSEG    CODE           ?PR?USB_OUT_EP1?USB
FF0A96H   FF0B42H   0000ADH   BYTE   INSEG    CODE           ?PR?USB_SENDDATA?USB
FF0B43H   FF0BE7H   0000A5H   BYTE   INSEG    CODE           ?PR?USB_SET_CONFIGURATION?USB_REQ_STD
FF0BE8H   FF0C8BH   0000A4H   BYTE   INSEG    CODE           ?PR?WS2812_PWM_CONFIG?WS2812_TEST
FF0C8CH   FF0D2AH   00009FH   BYTE   INSEG    CODE           ?PR?USB_CLEAR_FEATURE?USB_REQ_STD
FF0D2BH   FF0DC9H   00009FH   BYTE   INSEG    CODE           ?PR?USB_GET_DESCRIPTOR?USB_REQ_STD
FF0DCAH   FF0E67H   00009EH   BYTE   INSEG    CODE           ?PR?USB_INIT?USB
FF0E68H   FF0F00H   000099H   BYTE   INSEG    CODE           ?PR?USB_SET_FEATURE?USB_REQ_STD
FF0F01H   FF0F8AH   00008AH   BYTE   INSEG    CODE           ?PR?USB_SETUP?USB
FF0F8BH   FF100DH   000083H   BYTE   UNIT     CODE           ?CO?USB_DESC
FF100EH   FF108DH   000080H   BYTE   INSEG    CODE           ?PR?USB_ISR?USB
FF108EH   FF1105H   000078H   BYTE   INSEG    CODE           ?PR?WS2812_TEST_STEP?WS2812_TEST
FF1106H   FF116CH   000067H   BYTE   INSEG    CODE           ?PR?USB_CTRL_IN?USB
FF116DH   FF11C8H   00005CH   BYTE   INSEG    CODE           ?PR?USB_REQ_STD?USB_REQ_STD
FF11C9H   FF121CH   000054H   BYTE   INSEG    CODE           ?PR?USB_GET_CONFIGURATION?USB_REQ_STD
FF121DH   FF126FH   000053H   BYTE   INSEG    CODE           ?PR?SYS_INIT?MAIN
L251 LINKER/LOCATER V4.66.93.0                                                        02/16/2026  01:45:12  PAGE 3


FF1270H   FF12BCH   00004DH   BYTE   INSEG    CODE           ?PR?USB_CTRL_OUT?USB
FF12BDH   FF1306H   00004AH   BYTE   INSEG    CODE           ?PR?USB_RESET?USB
FF1307H   FF1350H   00004AH   BYTE   INSEG    CODE           ?PR?USB_SET_ADDRESS?USB_REQ_STD
FF1351H   FF1398H   000048H   BYTE   INSEG    CODE           ?PR?WS2812_APPLY_OUTPUT_PIN?WS2812_TEST
FF1399H   FF13ABH   000013H   BYTE   UNIT     CODE           ?C_C51STARTUP
FF13ACH   FF13ADH   000002H   BYTE   UNIT     CODE           ?C_C51STARTUP?1
FF13AEH   FF13D6H   000029H   BYTE   UNIT     CODE           ?C_C51STARTUP?2
FF13D7H   FF13D9H   000003H   BYTE   UNIT     CODE           ?C_C51STARTUP?3
FF13DAH   FF1417H   00003EH   BYTE   INSEG    CODE           ?PR?USB_GET_INTERFACE?USB_REQ_STD
FF1418H   FF1452H   00003BH   BYTE   INSEG    CODE           ?PR?PORT0_INIT?PORT
FF1453H   FF148DH   00003BH   BYTE   INSEG    CODE           ?PR?USB_IN_EP1?USB
FF148EH   FF14C7H   00003AH   BYTE   INSEG    CODE           ?PR?USB_READ_FIFO?_?USB
FF14C8H   FF14FCH   000035H   BYTE   INSEG    CODE           ?PR?REVERSE2?UTIL
FF14FDH   FF152CH   000030H   BYTE   INSEG    CODE           ?PR?HC595_WRITE16?WS2812_TEST
FF152DH   FF1557H   00002BH   BYTE   INSEG    CODE           ?PR?USB_IN_EP2?USB
FF1558H   FF1580H   000029H   BYTE   INSEG    CODE           ?PR?USB_WRITE_FIFO?_?USB
FF1581H   FF15A8H   000028H   BYTE   INSEG    CODE           ?PR?USB_SET_INTERFACE?USB_REQ_STD
FF15A9H   FF15CEH   000026H   BYTE   INSEG    CODE           ?PR?USB_GET_LINE_CODING?USB_REQ_CLASS
FF15CFH   FF15F4H   000026H   BYTE   INSEG    CODE           ?PR?USB_SET_LINE_CODING?USB_REQ_CLASS
FF15F5H   FF1616H   000022H   BYTE   INSEG    CODE           ?PR?WS2812_TEST_INIT?WS2812_TEST
FF1617H   FF1633H   00001DH   BYTE   INSEG    CODE           ?PR?SLEEP_US?UTIL
FF1634H   FF164EH   00001BH   BYTE   INSEG    CODE           ?PR?USBLIB_INIT?USBLIB
FF164FH   FF1669H   00001BH   BYTE   INSEG    CODE           ?PR?USB_REQ_CLASS?USB_REQ_CLASS
FF166AH   FF1681H   000018H   BYTE   INSEG    CODE           ?PR?SLEEP_MS?UTIL
FF1682H   FF1698H   000017H   BYTE   INSEG    CODE           ?PR?PWMAT_DMA_ISR?WS2812_TEST
FF1699H   FF16AFH   000017H   BYTE   INSEG    CODE           ?PR?DELAY_MS?MAIN
FF16B0H   FF16C5H   000016H   BYTE   INSEG    CODE           ?PR?USB_SET_CTRL_LINE_STATE?USB_REQ_CLASS
FF16C6H   FF16DAH   000015H   BYTE   INSEG    CODE           ?PR?USB_BULK_INTR_IN?USB
FF16DBH   FF16EFH   000015H   BYTE   INSEG    CODE           ?PR?USB_READ_REG?USB
FF16F0H   FF1702H   000013H   BYTE   INSEG    CODE           ?PR?USB_WRITE_REG?USB
FF1703H   FF1714H   000012H   BYTE   INSEG    CODE           ?PR?_M?MAIN
FF1715H   FF1725H   000011H   BYTE   INSEG    CODE           ?PR?USBLIB_OUT_CALLBACK?USBLIB
FF1726H   FF1736H   000011H   BYTE   INSEG    CODE           ?PR?USB_SETUP_IN?USB
FF1737H   FF1746H   000010H   BYTE   INSEG    CODE           ?PR?MAIN?MAIN
FF1747H   FF1754H   00000EH   BYTE   INSEG    CODE           ?PR?USB_SETUP_OUT?USB
FF1755H   FF1762H   00000EH   BYTE   INSEG    CODE           ?PR?USB_SETUP_STALL?USB
FF1763H   FF176FH   00000DH   BYTE   INSEG    CODE           ?PR?USB_SETUP_STATUS?USB
FF1770H   FF1775H   000006H   BYTE   INSEG    CODE           ?PR?HC595_PULSE_RCLK?WS2812_TEST
FF1776H   FF177AH   000005H   BYTE   INSEG    CODE           ?PR?SET_USB_ISPCMD?USB
FF177BH   FF177FH   000005H   BYTE   INSEG    CODE           ?PR?SET_USB_OUT_CALLBACK?USB
FF1780H   FF1782H   000003H   BYTE   INSEG    CODE           ?PR?USB_SYNCH_FRAME?USB_REQ_STD
FF1783H   FF1785H   000003H   BYTE   INSEG    CODE           ?PR?USB_REQ_VENDOR?USB_REQ_VENDOR
FF1786H   FF1789H   000004H   BYTE   UNIT     CONST          ?CO?PRINTF
FF178AH   FF17D9H   000050H   BYTE   UNIT     HCONST         ?HC?WS2812_DISPLAY
FF17DAH   FF180DH   000034H   BYTE   UNIT     HCONST         ?C_INITEDATA
FF180EH   FF1816H   000009H   BYTE   UNIT     HCONST         ?HC?USBLIB
FF1817H   FF181FH   000009H   BYTE   UNIT     HCONST         ?HC?USB
FF1820H   FF1821H   000002H   BYTE   UNIT     HCONST         ?HC?MAIN

* * * * * * * * *   R E M O V E D     S E G M E N T S   * * * * * * * *
   *DEL*:           000027H   BYTE   INSEG    CODE           ?PR?WS2812_DISPLAY_CLEAR?WS2812_DISPLAY
   *DEL*:           00001BH   BYTE   INSEG    CODE           ?PR?WS2812_DISPLAY_DIGIT?WS2812_DISPLAY
   *DEL*:           000044H   BYTE   INSEG    CODE           ?PR?FILL_FRAME_SOLID?WS2812_DISPLAY
   *DEL*:           000035H   BYTE   INSEG    CODE           ?PR?WS2812_DISPLAY_COLOR?WS2812_DISPLAY
   *DEL*:           00001EH   BYTE   INSEG    CODE           ?PR?WS2812_DISPLAY_LOOP_DIGITS?WS2812_DISPLAY
   *DEL*:           0000AAH   BYTE   INSEG    CODE           ?PR?FILL_FRAME_WITH_DIGIT?WS2812_DISPLAY
   *DEL*:           000005H   BYTE   INSEG    CODE           ?PR?WS2812_GET_CURRENT_COLOR?WS2812_DISPLAY
   *DEL*:           000016H   BYTE   INSEG    CODE           ?PR?TIMER0_TICK_CALLBACK?WS2812_DISPLAY
   *DEL*:           000007H   BYTE   INSEG    CODE           ?PR?WS2812_DISPLAY_UPDATE?WS2812_DISPLAY
   *DEL*:           000001H   BYTE   UNIT     EDATA          ?ED?FILL_FRAME_WITH_DIGIT?WS2812_DISPLAY
   *DEL*:           00007AH   BYTE   INSEG    CODE           ?PR?WS2812_SEND_BUFFER?WS2812_DRIVER
   *DEL*:           00000AH   BYTE   INSEG    CODE           ?PR?WS2812_RESET_LATCH?WS2812_DRIVER
   *DEL*:           00000DH   BYTE   INSEG    CODE           ?PR?WS2812_LINE_HIGH?WS2812_DRIVER
   *DEL*:           000012H   BYTE   INSEG    CODE           ?PR?WS2812_INIT?WS2812_DRIVER
   *DEL*:           000015H   BYTE   INSEG    CODE           ?PR?WS2812_SEND_BYTE?WS2812_DRIVER
L251 LINKER/LOCATER V4.66.93.0                                                        02/16/2026  01:45:12  PAGE 4


   *DEL*:           000017H   BYTE   INSEG    CODE           ?PR?WS2812_SELECT_OUTPUT_PIN?WS2812_DRIVER
   *DEL*:           000016H   BYTE   INSEG    CODE           ?PR?WS2812_SEND_GRB?WS2812_DRIVER
   *DEL*:           00001EH   BYTE   INSEG    CODE           ?PR?WS2812_SEND_BIT?WS2812_DRIVER
   *DEL*:           00000CH   BYTE   INSEG    CODE           ?PR?DELAY300NS?WS2812_DRIVER
   *DEL*:           00000CH   BYTE   INSEG    CODE           ?PR?DELAY600NS?WS2812_DRIVER
   *DEL*:           00000DH   BYTE   INSEG    CODE           ?PR?WS2812_LINE_LOW?WS2812_DRIVER
   *DEL*:           000009H   BYTE   UNIT     EDATA          ?ED?WS2812_SEND_BUFFER?WS2812_DRIVER
   *DEL*:           00002DH   BYTE   INSEG    CODE           ?PR?DELAY_US?MAIN
   *DEL*:           00000DH   BYTE   INSEG    CODE           ?PR?USBLIB_WAITCONFIGED?USBLIB
   *DEL*:           000005H   BYTE   INSEG    CODE           ?PR?SET_USB_IN_CALLBACK?USB
   *DEL*:           000018H   BYTE   INSEG    CODE           ?PR?USB_OUT_DONE?USB
   *DEL*:           000019H   BYTE   INSEG    CODE           ?PR?USB_BULK_INTR_OUT?USB
   *DEL*:           00000BH   BYTE   INSEG    CODE           ?PR?USB_IN?USB
   *DEL*:           000016H   BYTE   INSEG    CODE           ?PR?LCD12864_DISPLAYCLEAR?UTIL
   *DEL*:           00003CH   BYTE   INSEG    CODE           ?PR?OLED12864_SCROLLRIGHT?UTIL
   *DEL*:           00001BH   BYTE   INSEG    CODE           ?PR?OLED12864_DISPLAYOFF?UTIL
   *DEL*:           000019H   BYTE   INSEG    CODE           ?PR?OLED12864_SETHEADER?UTIL
   *DEL*:           00003BH   BYTE   INSEG    CODE           ?PR?OLED12864_SCROLLLEFT?UTIL
   *DEL*:           000023H   BYTE   INSEG    CODE           ?PR?OLED12864_SETADDRESSMODE?UTIL
   *DEL*:           000023H   BYTE   INSEG    CODE           ?PR?OLED12864_SETCONTRAST?UTIL
   *DEL*:           00001BH   BYTE   INSEG    CODE           ?PR?LCD12864_AUTOWRAPOFF?UTIL
   *DEL*:           000042H   BYTE   INSEG    CODE           ?PR?OLED12864_SHOWPICTURE?UTIL
   *DEL*:           00001CH   BYTE   INSEG    CODE           ?PR?OLED12864_SCROLLSTART?UTIL
   *DEL*:           000035H   BYTE   INSEG    CODE           ?PR?SEG7_SHOWFLOAT?UTIL
   *DEL*:           00004BH   BYTE   INSEG    CODE           ?PR?SEG7_SHOWSTRING?UTIL
   *DEL*:           00009FH   BYTE   INSEG    CODE           ?PR?OLED12864_SETBUFFER?UTIL
   *DEL*:           000037H   BYTE   INSEG    CODE           ?PR?SEG7_SHOWCODE?UTIL
   *DEL*:           00004BH   BYTE   INSEG    CODE           ?PR?LED40_SENDDATA?UTIL
   *DEL*:           00001CH   BYTE   INSEG    CODE           ?PR?OLED12864_DISPLAYON?UTIL
   *DEL*:           000023H   BYTE   INSEG    CODE           ?PR?LCD12864_REVERSELINE?UTIL
   *DEL*:           00001BH   BYTE   INSEG    CODE           ?PR?OLED12864_SCROLLSTOP?UTIL
   *DEL*:           00004BH   BYTE   INSEG    CODE           ?PR?LED64_SENDDATA?UTIL
   *DEL*:           00003FH   BYTE   INSEG    CODE           ?PR?SEG7_SHOWLONG?UTIL
   *DEL*:           00001CH   BYTE   INSEG    CODE           ?PR?LCD12864_SCROLLRIGHT?UTIL
   *DEL*:           00001CH   BYTE   INSEG    CODE           ?PR?LCD12864_AUTOWRAPON?UTIL
   *DEL*:           00001BH   BYTE   INSEG    CODE           ?PR?LCD12864_DISPLAYOFF?UTIL
   *DEL*:           000061H   BYTE   INSEG    CODE           ?PR?REVERSE4?UTIL
   *DEL*:           000019H   BYTE   INSEG    CODE           ?PR?LCD12864_SETHEADER?UTIL
   *DEL*:           00001BH   BYTE   INSEG    CODE           ?PR?LCD12864_SCROLLLEFT?UTIL
   *DEL*:           00001BH   BYTE   INSEG    CODE           ?PR?OLED12864_HORIZONTALMIRROR?UTIL
   *DEL*:           000051H   BYTE   INSEG    CODE           ?PR?LCD12864_SHOWPICTURE?UTIL
   *DEL*:           00002DH   BYTE   INSEG    CODE           ?PR?PRINTF_USB?UTIL
   *DEL*:           00003CH   BYTE   INSEG    CODE           ?PR?OLED12864_SCROLLUP?UTIL
   *DEL*:           00009FH   BYTE   INSEG    CODE           ?PR?LCD12864_SETBUFFER?UTIL
   *DEL*:           00001BH   BYTE   INSEG    CODE           ?PR?OLED12864_DISPLAYCONTENT?UTIL
   *DEL*:           000016H   BYTE   INSEG    CODE           ?PR?OLED12864_DISPLAYREVERSE?UTIL
   *DEL*:           00001CH   BYTE   INSEG    CODE           ?PR?OLED12864_VERTICALMIRROR?UTIL
   *DEL*:           00001CH   BYTE   INSEG    CODE           ?PR?LCD12864_CURSORRETURNHOME?UTIL
   *DEL*:           00001CH   BYTE   INSEG    CODE           ?PR?OLED12864_DISPLAYENTIRE?UTIL
   *DEL*:           00001CH   BYTE   INSEG    CODE           ?PR?LCD12864_DISPLAYON?UTIL
   *DEL*:           00001CH   BYTE   INSEG    CODE           ?PR?LCD12864_CURSORMOVERIGHT?UTIL
   *DEL*:           00003FH   BYTE   INSEG    CODE           ?PR?LCD12864_SHOWSTRING?UTIL
   *DEL*:           00001BH   BYTE   INSEG    CODE           ?PR?LCD12864_CURSOROFF?UTIL
   *DEL*:           000041H   BYTE   INSEG    CODE           ?PR?LED40_CLRBIT?UTIL
   *DEL*:           000041H   BYTE   INSEG    CODE           ?PR?LED64_CLRBIT?UTIL
   *DEL*:           00001BH   BYTE   INSEG    CODE           ?PR?LCD12864_CURSORMOVELEFT?UTIL
   *DEL*:           000043H   BYTE   INSEG    CODE           ?PR?LED40_SETBIT?UTIL
   *DEL*:           000043H   BYTE   INSEG    CODE           ?PR?LED64_SETBIT?UTIL
   *DEL*:           000044H   BYTE   INSEG    CODE           ?PR?LED40_SETPORT?UTIL
   *DEL*:           000019H   BYTE   INSEG    CODE           ?PR?SEG7_SETHEADER?UTIL
   *DEL*:           000029H   BYTE   INSEG    CODE           ?PR?LCD12864_SCROLLUP?UTIL
   *DEL*:           000044H   BYTE   INSEG    CODE           ?PR?LED64_SETPORT?UTIL
   *DEL*:           00001CH   BYTE   INSEG    CODE           ?PR?LCD12864_CURSORON?UTIL
   *DEL*:           000008H   BYTE   UNIT     EDATA          ?ED?REVERSE4?UTIL
   *DEL*:           000004H   BYTE   UNIT     EDATA          ?ED?SEG7_SHOWLONG?UTIL
L251 LINKER/LOCATER V4.66.93.0                                                        02/16/2026  01:45:12  PAGE 5


   *DEL*:           00002CH   BYTE   UNIT     EDATA          ?ED?SEG7_SHOWSTRING?UTIL
   *DEL*:           00002CH   BYTE   UNIT     EDATA          ?ED?PRINTF_USB?UTIL
   *DEL*:           000005H   BYTE   UNIT     EDATA          ?ED?LCD12864_SETBUFFER?UTIL
   *DEL*:           000002H   BYTE   UNIT     EDATA          ?ED?LCD12864_SHOWSTRING?UTIL
   *DEL*:           000005H   BYTE   UNIT     EDATA          ?ED?OLED12864_SETBUFFER?UTIL
   *DEL*:           00000EH   BYTE   INSEG    CODE           ?PR?STRLEN?_?STRLEN
   *DEL*:           000025H   BYTE   INSEG    CODE           ?PR?MEMCPY?_?MEMCPY



OVERLAY MAP OF MODULE:   .\Objects\ws2812_driver (ws2812_display)


FUNCTION/MODULE                               EDATA_GROUP
--> CALLED FUNCTION/MODULE                    START  STOP
=========================================================
PWMAT_DMA_ISR/ws2812_test                     ----- -----

*** NEW ROOT ********************************

?C_C51STARTUP?1                               ----- -----

*** NEW ROOT ********************************

usb_isr/usb                                   ----- -----
  +--> usb_read_reg/usb
  +--> usb_resume/usb
  +--> usb_reset/usb
  +--> usb_setup/usb
  +--> usb_in_ep1/usb
  +--> usb_in_ep2/usb
  +--> usb_out_ep1/usb
  +--> usb_suspend/usb

usb_read_reg/usb                              ----- -----

usb_resume/usb                                ----- -----

usb_reset/usb                                 ----- -----
  +--> usb_write_reg/usb

usb_write_reg/usb                             ----- -----

usb_setup/usb                                 ----- -----
  +--> usb_write_reg/usb
  +--> usb_read_reg/usb
  +--> usb_read_fifo?_/usb
  +--> reverse2/util
  +--> usb_req_std/usb_req_std
  +--> usb_req_class/usb_req_class
  +--> usb_req_vendor/usb_req_vendor
  +--> usb_setup_stall/usb
  +--> usb_ctrl_in/usb
  +--> usb_ctrl_out/usb

usb_read_fifo?_/usb                           ----- -----
  +--> usb_read_reg/usb

reverse2/util                                 0021H 0024H

usb_req_std/usb_req_std                       ----- -----
  +--> usb_get_status/usb_req_std
  +--> usb_clear_feature/usb_req_std
  +--> usb_set_feature/usb_req_std
  +--> usb_set_address/usb_req_std
L251 LINKER/LOCATER V4.66.93.0                                                        02/16/2026  01:45:12  PAGE 6


  +--> usb_get_descriptor/usb_req_std
  +--> usb_set_descriptor/usb_req_std
  +--> usb_get_configuration/usb_req_std
  +--> usb_set_configuration/usb_req_std
  +--> usb_get_interface/usb_req_std
  +--> usb_set_interface/usb_req_std
  +--> usb_synch_frame/usb_req_std
  +--> usb_setup_stall/usb

usb_get_status/usb_req_std                    ----- -----
  +--> usb_setup_stall/usb
  +--> usb_setup_in/usb

usb_setup_stall/usb                           ----- -----
  +--> usb_write_reg/usb

usb_setup_in/usb                              ----- -----
  +--> usb_write_reg/usb
  +--> usb_ctrl_in/usb

usb_ctrl_in/usb                               ----- -----
  +--> usb_write_reg/usb
  +--> usb_read_reg/usb
  +--> usb_write_fifo?_/usb

usb_write_fifo?_/usb                          ----- -----
  +--> usb_write_reg/usb

usb_clear_feature/usb_req_std                 ----- -----
  +--> usb_write_reg/usb
  +--> usb_setup_stall/usb
  +--> usb_setup_status/usb

usb_setup_status/usb                          ----- -----
  +--> usb_write_reg/usb

usb_set_feature/usb_req_std                   ----- -----
  +--> usb_write_reg/usb
  +--> usb_setup_stall/usb
  +--> usb_setup_status/usb

usb_set_address/usb_req_std                   ----- -----
  +--> usb_setup_stall/usb
  +--> usb_write_reg/usb
  +--> usb_setup_status/usb

usb_get_descriptor/usb_req_std                ----- -----
  +--> usb_setup_stall/usb
  +--> usb_setup_in/usb

usb_set_descriptor/usb_req_std                ----- -----
  +--> usb_setup_stall/usb

usb_get_configuration/usb_req_std             ----- -----
  +--> usb_setup_stall/usb
  +--> usb_setup_in/usb

usb_set_configuration/usb_req_std             ----- -----
  +--> usb_setup_stall/usb
  +--> usb_write_reg/usb
  +--> usb_setup_status/usb

usb_get_interface/usb_req_std                 ----- -----
  +--> usb_setup_stall/usb
  +--> usb_setup_in/usb
L251 LINKER/LOCATER V4.66.93.0                                                        02/16/2026  01:45:12  PAGE 7



usb_set_interface/usb_req_std                 ----- -----
  +--> usb_setup_stall/usb
  +--> usb_setup_status/usb

usb_synch_frame/usb_req_std                   ----- -----
  +--> usb_setup_stall/usb

usb_req_class/usb_req_class                   ----- -----
  +--> usb_set_line_coding/usb_req_class
  +--> usb_get_line_coding/usb_req_class
  +--> usb_set_ctrl_line_state/usb_req_class
  +--> usb_setup_stall/usb

usb_set_line_coding/usb_req_class             ----- -----
  +--> usb_setup_stall/usb
  +--> usb_setup_out/usb

usb_setup_out/usb                             ----- -----
  +--> usb_write_reg/usb

usb_get_line_coding/usb_req_class             ----- -----
  +--> usb_setup_stall/usb
  +--> usb_setup_in/usb

usb_set_ctrl_line_state/usb_req_class         ----- -----
  +--> usb_setup_stall/usb
  +--> usb_setup_status/usb

usb_req_vendor/usb_req_vendor                 ----- -----
  +--> usb_setup_stall/usb

usb_ctrl_out/usb                              ----- -----
  +--> usb_write_reg/usb
  +--> usb_read_reg/usb
  +--> usb_read_fifo?_/usb

usb_in_ep1/usb                                ----- -----
  +--> usb_write_reg/usb
  +--> usb_read_reg/usb

usb_in_ep2/usb                                ----- -----
  +--> usb_write_reg/usb
  +--> usb_read_reg/usb

usb_out_ep1/usb                               ----- -----
  +--> usb_write_reg/usb
  +--> usb_read_reg/usb
  +--> usb_read_fifo?_/usb
  +--> sleep_ms/util

sleep_ms/util                                 ----- -----
  +--> sleep_us/util

sleep_us/util                                 ----- -----

usb_suspend/usb                               ----- -----

*** NEW ROOT ********************************

?C_C51STARTUP                                 ----- -----

*** NEW ROOT ********************************

?C_C51STARTUP?3                               ----- -----
L251 LINKER/LOCATER V4.66.93.0                                                        02/16/2026  01:45:12  PAGE 8


  +--> main/main

main/main                                     ----- -----
  +--> _m/main
  +--> SPRINTF/SPRINTF

_m/main                                       ----- -----
  +--> SYS_Init/main
  +--> ws2812_test_init/ws2812_test
  +--> ws2812_test_step/ws2812_test
  +--> delay_ms/main

SYS_Init/main                                 ----- -----
  +--> PORT0_Init/port
  +--> delay_ms/main
  +--> USBLIB_Init/usblib

PORT0_Init/port                               ----- -----

delay_ms/main                                 ----- -----

USBLIB_Init/usblib                            ----- -----
  +--> usb_init/usb
  +--> USBLIB_OUT_Callback/usblib
  +--> set_usb_OUT_callback/usb
  +--> set_usb_ispcmd/usb

usb_init/usb                                  0025H 0025H
  +--> usb_write_reg/usb
  +--> VSPRINTF/VSPRINTF

VSPRINTF/VSPRINTF                             0026H 0029H
  +--> OUT/VSPRINTF

OUT/VSPRINTF                                  ----- -----
  +--> PUTCH/VSPRINTF

PUTCH/VSPRINTF                                ----- -----

USBLIB_OUT_Callback/usblib                    ----- -----
  +--> USB_SendData/usb

USB_SendData/usb                              0025H 002BH
  +--> usb_write_reg/usb
  +--> usb_read_reg/usb
  +--> sleep_us/util
  +--> usb_bulk_intr_in/usb

usb_bulk_intr_in/usb                          ----- -----
  +--> usb_write_fifo?_/usb
  +--> usb_write_reg/usb

set_usb_OUT_callback/usb                      ----- -----

set_usb_ispcmd/usb                            ----- -----

ws2812_test_init/ws2812_test                  ----- -----
  +--> ws2812_pwm_config/ws2812_test

ws2812_pwm_config/ws2812_test                 ----- -----

ws2812_test_step/ws2812_test                  ----- -----
  +--> hc595_write16/ws2812_test
  +--> ws2812_build_pwm_data/ws2812_test
  +--> ws2812_dma_start/ws2812_test
L251 LINKER/LOCATER V4.66.93.0                                                        02/16/2026  01:45:12  PAGE 9


  +--> delay_ms/main

hc595_write16/ws2812_test                     ----- -----
  +--> hc595_pulse_srclk/ws2812_test
  +--> hc595_pulse_rclk/ws2812_test

hc595_pulse_srclk/ws2812_test                 ----- -----

hc595_pulse_rclk/ws2812_test                  ----- -----

ws2812_build_pwm_data/ws2812_test             ----- -----

ws2812_dma_start/ws2812_test                  ----- -----
  +--> ws2812_apply_output_pin/ws2812_test

ws2812_apply_output_pin/ws2812_test           ----- -----

SPRINTF/SPRINTF                               0025H 004CH
  +--> OUT/SPRINTF

OUT/SPRINTF                                   ----- -----
  +--> PUTCH/SPRINTF

PUTCH/SPRINTF                                 ----- -----

*** NEW ROOT ********************************

?C_C51STARTUP?2                               ----- -----



PUBLIC SYMBOLS OF MODULE:  .\Objects\ws2812_driver (ws2812_display)


      VALUE       CLASS    TYPE      PUBLIC SYMBOL NAME
      =================================================
      000000FFH   NUMBER   ---       ?C?CODESEG
      00FF06CCH   CODE     ---       ?C?FPCONVERT
      00FF0867H   CODE     ---       ?C?FPDIV
      00FF094FH   CODE     ---       ?C?FPGETOPN2
      00FF07C7H   CODE     ---       ?C?FPMUL
      00FF098CH   CODE     ---       ?C?FPNANRESULT
      00FF0994H   CODE     ---       ?C?FPOVERFLOW
      00FF0968H   CODE     ---       ?C?FPRESULT
      00FF097EH   CODE     ---       ?C?FPRESULT2
      00FF0784H   CODE     ---       ?C?FPROUND
      00FF0991H   CODE     ---       ?C?FPUNDERFLOW
      00FF0918H   CODE     ---       ?C?FTNPWR
      00FF13AEH   CODE     ---       ?C?INITEDATA
      00FF180CH   HCONST   WORD      ?C?INITEDATA_END
      00FF09A0H   CODE     ---       ?C?LMUL
      00FF02AFH   CODE     ---       ?C?PRNFMT
      00FF0000H   CODE     ---       ?C?STARTUP
      00000001H   NUMBER   ---       ?C?XDATASEG
      00FF0000H   CODE     ---       ?C_STARTUP
*DEL*:00000028H   EDATA    BYTE      ?printf_usb?BYTE
*DEL*:00000028H   EDATA    BYTE      ?SEG7_ShowString?BYTE
      0000004DH   EDATA    ---       ?sprintf?BYTE
      0000001EH   EDATA    ---       ?vsprintf?BYTE
      00FF1703H   CODE     ---       _m
*SFR* 000000E0H   DATA     BYTE      ACC
*SFR* 000000BCH   DATA     BYTE      ADC_CONTR
*SFR* 000000DEH   DATA     BYTE      ADCCFG
*SFR* 000000EFH   DATA     BYTE      AUXINTIF
*SFR* 0000008EH   DATA     BYTE      AUXR
L251 LINKER/LOCATER V4.66.93.0                                                        02/16/2026  01:45:12  PAGE 10


*SFR* 00000097H   DATA     BYTE      AUXR2
*SFR* 000000F0H   DATA     BYTE      B
      00000020H.1 BIT      BIT       bUsbFeatureReady
      00000020H.2 BIT      BIT       bUsbInBusy
      00000020H.0 BIT      BIT       bUsbOutReady
*SFR* 000000F1H   DATA     BYTE      CANICR
*SFR* 000000EAH   DATA     BYTE      CKCON
*SFR* 000000E6H   DATA     BYTE      CMPCR1
*SFR* 000000E7H   DATA     BYTE      CMPCR2
      00FF0FBFH   CODE     ---       CONFIGDESC
      00FF1699H   CODE     ---       delay_ms
*DEL*:00000000H   CODE     ---       delay_us
      00FF0FADH   CODE     ---       DEVICEDESC
      0000005FH   EDATA    BYTE      DeviceState
*SFR* 000000A8H.7 DATA     BIT       EA
      00000060H   EDATA    ---       Ep0State
*SFR* 000000AFH.7 DATA     BIT       EUSB
*SFR* 000000C7H   DATA     BYTE      IAP_CONTR
*SFR* 000000F5H   DATA     BYTE      IAP_TPS
*SFR* 000000A8H   DATA     BYTE      IE
*SFR* 000000AFH   DATA     BYTE      IE2
      00000067H   EDATA    BYTE      InEpState
*SFR* 0000008FH   DATA     BYTE      INTCLKO
*SFR* 000000B8H   DATA     BYTE      IP
*SFR* 000000B5H   DATA     BYTE      IP2
*SFR* 000000B6H   DATA     BYTE      IP2H
*SFR* 000000DFH   DATA     BYTE      IP3
*SFR* 000000EEH   DATA     BYTE      IP3H
*SFR* 000000B7H   DATA     BYTE      IPH
*SFR* 0000009DH   DATA     BYTE      IRCBAND
      00FF0FA9H   CODE     ---       LANGIDDESC
*DEL*:00000000H   CODE     ---       LCD12864_AutoWrapOff
*DEL*:00000000H   CODE     ---       LCD12864_AutoWrapOn
*DEL*:00000000H   CODE     ---       LCD12864_CursorMoveLeft
*DEL*:00000000H   CODE     ---       LCD12864_CursorMoveRight
*DEL*:00000000H   CODE     ---       LCD12864_CursorOff
*DEL*:00000000H   CODE     ---       LCD12864_CursorOn
*DEL*:00000000H   CODE     ---       LCD12864_CursorReturnHome
*DEL*:00000000H   CODE     ---       LCD12864_DisplayClear
*DEL*:00000000H   CODE     ---       LCD12864_DisplayOff
*DEL*:00000000H   CODE     ---       LCD12864_DisplayOn
*DEL*:00000000H   CODE     ---       LCD12864_ReverseLine
*DEL*:00000000H   CODE     ---       LCD12864_ScrollLeft
*DEL*:00000000H   CODE     ---       LCD12864_ScrollRight
*DEL*:00000000H   CODE     ---       LCD12864_ScrollUp
*DEL*:00000000H   CODE     ---       LCD12864_ShowPicture
*DEL*:00000000H   CODE     ---       LCD12864_ShowString
*DEL*:00000000H   CODE     ---       LED40_ClrBit
*DEL*:00000000H   CODE     ---       LED40_SendData
*DEL*:00000000H   CODE     ---       LED40_SetBit
*DEL*:00000000H   CODE     ---       LED40_SetPort
*DEL*:00000000H   CODE     ---       LED64_ClrBit
*DEL*:00000000H   CODE     ---       LED64_SendData
*DEL*:00000000H   CODE     ---       LED64_SetBit
*DEL*:00000000H   CODE     ---       LED64_SetPort
      00000008H   EDATA    ---       LineCoding
*SFR* 000000F9H   DATA     BYTE      LINICR
      00FF1737H   CODE     ---       main
      00FF1006H   CODE     ---       MANUFACTDESC
*DEL*:00000000H   CODE     ---       memcpy?_
*DEL*:00000000H   CODE     ---       OLED12864_DisplayContent
*DEL*:00000000H   CODE     ---       OLED12864_DisplayEntire
*DEL*:00000000H   CODE     ---       OLED12864_DisplayOff
*DEL*:00000000H   CODE     ---       OLED12864_DisplayOn
*DEL*:00000000H   CODE     ---       OLED12864_DisplayReverse
L251 LINKER/LOCATER V4.66.93.0                                                        02/16/2026  01:45:12  PAGE 11


*DEL*:00000000H   CODE     ---       OLED12864_HorizontalMirror
*DEL*:00000000H   CODE     ---       OLED12864_ScrollLeft
*DEL*:00000000H   CODE     ---       OLED12864_ScrollRight
*DEL*:00000000H   CODE     ---       OLED12864_ScrollStart
*DEL*:00000000H   CODE     ---       OLED12864_ScrollStop
*DEL*:00000000H   CODE     ---       OLED12864_ScrollUp
*DEL*:00000000H   CODE     ---       OLED12864_SetAddressMode
*DEL*:00000000H   CODE     ---       OLED12864_SetContrast
*DEL*:00000000H   CODE     ---       OLED12864_ShowPicture
*DEL*:00000000H   CODE     ---       OLED12864_VerticalMirror
      00000068H   EDATA    BYTE      OutEpState
      00000055H   EDATA    BYTE      OutNumber
*SFR* 00000080H   DATA     BYTE      P0
*SFR* 00000094H   DATA     BYTE      P0M0
*SFR* 00000093H   DATA     BYTE      P0M1
*SFR* 00000090H   DATA     BYTE      P1
*SFR* 00000090H.0 DATA     BIT       P10
*SFR* 00000090H.1 DATA     BIT       P11
*SFR* 00000092H   DATA     BYTE      P1M0
*SFR* 00000091H   DATA     BYTE      P1M1
*SFR* 000000A0H   DATA     BYTE      P2
*SFR* 00000096H   DATA     BYTE      P2M0
*SFR* 00000095H   DATA     BYTE      P2M1
*SFR* 000000B0H   DATA     BYTE      P3
*SFR* 000000B2H   DATA     BYTE      P3M0
*SFR* 000000B1H   DATA     BYTE      P3M1
*SFR* 000000C0H   DATA     BYTE      P4
*SFR* 000000B4H   DATA     BYTE      P4M0
*SFR* 000000B3H   DATA     BYTE      P4M1
*SFR* 000000C8H   DATA     BYTE      P5
*SFR* 000000CAH   DATA     BYTE      P5M0
*SFR* 000000C9H   DATA     BYTE      P5M1
*SFR* 000000E8H   DATA     BYTE      P6
*SFR* 000000CCH   DATA     BYTE      P6M0
*SFR* 000000CBH   DATA     BYTE      P6M1
*SFR* 000000F8H   DATA     BYTE      P7
*SFR* 000000E2H   DATA     BYTE      P7M0
*SFR* 000000E1H   DATA     BYTE      P7M1
*SFR* 000000A2H   DATA     BYTE      P_SW1
*SFR* 000000BAH   DATA     BYTE      P_SW2
*SFR* 000000BBH   DATA     BYTE      P_SW3
*SFR* 000000BFH   DATA     BYTE      P_SW4
      00FF1002H   CODE     ---       PACKET0
      00FF1004H   CODE     ---       PACKET1
*SFR* 00000087H   DATA     BYTE      PCON
      00FF1418H   CODE     ---       PORT0_Init
*DEL*:00000000H   CODE     ---       printf_usb
      00FF0F8BH   CODE     ---       PRODUCTDESC
*SFR* 000000D0H   DATA     BYTE      PSW
*SFR* 000000D1H   DATA     BYTE      PSW1
      00FF1682H   CODE     ---       PWMAT_DMA_ISR
      00FF14C8H   CODE     ---       reverse2
*DEL*:00000000H   CODE     ---       reverse4
*SFR* 000000FFH   DATA     BYTE      RSTCFG
*SFR* 0000009AH   DATA     BYTE      S2CON
*SFR* 000000ACH   DATA     BYTE      S3CON
*SFR* 000000FDH   DATA     BYTE      S4CON
*SFR* 00000098H   DATA     BYTE      SCON
*DEL*:00000000H   CODE     ---       SEG7_ShowCode
*DEL*:00000000H   CODE     ---       SEG7_ShowFloat
*DEL*:00000000H   CODE     ---       SEG7_ShowLong
*DEL*:00000000H   CODE     ---       SEG7_ShowString
*DEL*:00000000H   CODE     ---       set_usb_IN_callback
      00FF1776H   CODE     ---       set_usb_ispcmd
      00FF177BH   CODE     ---       set_usb_OUT_callback
L251 LINKER/LOCATER V4.66.93.0                                                        02/16/2026  01:45:12  PAGE 12


      0000004DH   EDATA    ---       Setup
      00FF166AH   CODE     ---       sleep_ms
      00FF1617H   CODE     ---       sleep_us
*SFR* 000000CEH   DATA     BYTE      SPCTL
      00FF0246H   CODE     NEAR LAB  sprintf
*SFR* 000000CDH   DATA     BYTE      SPSTAT
*DEL*:00000000H   CODE     ---       strlen?_
      00FF121DH   CODE     ---       SYS_Init
*SFR* 000000DDH   DATA     BYTE      T4T3M
*SFR* 00000088H   DATA     BYTE      TCON
*DEL*:00000000H   CODE     ---       timer0_tick_callback
*SFR* 00000089H   DATA     BYTE      TMOD
      00FF16C6H   CODE     ---       usb_bulk_intr_in
*DEL*:00000000H   CODE     ---       usb_bulk_intr_out
      00FF0C8CH   CODE     ---       usb_clear_feature
      00FF1106H   CODE     ---       usb_ctrl_in
      00FF1270H   CODE     ---       usb_ctrl_out
      00FF11C9H   CODE     ---       usb_get_configuration
      00FF0D2BH   CODE     ---       usb_get_descriptor
      00FF13DAH   CODE     ---       usb_get_interface
      00FF15A9H   CODE     ---       usb_get_line_coding
      00FF00CEH   CODE     ---       usb_get_status
*DEL*:00000000H   CODE     ---       usb_IN
      0000005DH   EDATA    ---       usb_IN_callback
      00FF1453H   CODE     ---       usb_in_ep1
      00FF152DH   CODE     ---       usb_in_ep2
      00FF0DCAH   CODE     ---       usb_init
      00FF100EH   CODE     ---       usb_isr
      00000057H   EDATA    ---       usb_OUT_callback
*DEL*:00000000H   CODE     ---       usb_OUT_done
      00FF09B1H   CODE     ---       usb_out_ep1
      00FF148EH   CODE     ---       usb_read_fifo?_
      00FF16DBH   CODE     ---       usb_read_reg
      00FF164FH   CODE     ---       usb_req_class
      00FF116DH   CODE     ---       usb_req_std
      00FF1783H   CODE     ---       usb_req_vendor
      00FF12BDH   CODE     ---       usb_reset
      00FF00CAH   CODE     ---       usb_resume
      00FF0A96H   CODE     ---       USB_SendData
      00FF1307H   CODE     ---       usb_set_address
      00FF0B43H   CODE     ---       usb_set_configuration
      00FF16B0H   CODE     ---       usb_set_ctrl_line_state
      00FF023FH   CODE     ---       usb_set_descriptor
      00FF0E68H   CODE     ---       usb_set_feature
      00FF1581H   CODE     ---       usb_set_interface
      00FF15CFH   CODE     ---       usb_set_line_coding
      00FF0F01H   CODE     ---       usb_setup
      00FF1726H   CODE     ---       usb_setup_in
      00FF1747H   CODE     ---       usb_setup_out
      00FF1755H   CODE     ---       usb_setup_stall
      00FF1763H   CODE     ---       usb_setup_status
      00FF00C9H   CODE     ---       usb_suspend
      00FF1780H   CODE     ---       usb_synch_frame
      00FF1558H   CODE     ---       usb_write_fifo?_
      00FF16F0H   CODE     ---       usb_write_reg
*SFR* 000000FCH   DATA     BYTE      USBADR
*SFR* 000000DCH   DATA     BYTE      USBCLK
*SFR* 000000F4H   DATA     BYTE      USBCON
*SFR* 000000ECH   DATA     BYTE      USBDAT
      0001021AH   XDATA    ---       UsbFeatureBuffer
      0001019AH   XDATA    ---       UsbInBuffer
      00FF1634H   CODE     ---       USBLIB_Init
      00FF1715H   CODE     ---       USBLIB_OUT_Callback
*DEL*:00000000H   CODE     ---       USBLIB_WaitConfiged
      000101DAH   XDATA    ---       UsbOutBuffer
L251 LINKER/LOCATER V4.66.93.0                                                        02/16/2026  01:45:12  PAGE 13


      00000059H   EDATA    ---       USER_STCISPCMD
      00FF0266H   CODE     NEAR LAB  vsprintf
*SFR* 000000C1H   DATA     BYTE      WDT_CONTR
*DEL*:00000000H   CODE     ---       ws2812_display_clear
*DEL*:00000000H   CODE     ---       ws2812_display_color
*DEL*:00000000H   CODE     ---       ws2812_display_digit
*DEL*:00000000H   CODE     ---       ws2812_display_loop_digits
*DEL*:00000000H   CODE     ---       ws2812_display_update
*DEL*:00000000H   CODE     ---       ws2812_get_current_color
*DEL*:00000000H   CODE     ---       ws2812_init
*DEL*:00000000H   CODE     ---       ws2812_reset_latch
*DEL*:00000000H   CODE     ---       ws2812_select_output_pin
*DEL*:00000000H   CODE     ---       ws2812_send_bit
*DEL*:00000000H   CODE     ---       ws2812_send_buffer
*DEL*:00000000H   CODE     ---       ws2812_send_byte
*DEL*:00000000H   CODE     ---       ws2812_send_grb
      00FF15F5H   CODE     ---       ws2812_test_init
      00FF108EH   CODE     ---       ws2812_test_step
*SFR* 000000E9H   DATA     BYTE      WTST



SYMBOL TABLE OF MODULE:  .\Objects\ws2812_driver (ws2812_display)

      VALUE       REP       CLASS    TYPE      SYMBOL NAME
      ====================================================
      ---         MODULE    ---      ---       ws2812_display
      000000D0H   SFRSYM    DATA     BYTE      PSW
      0000009DH   SFRSYM    DATA     BYTE      IRCBAND
      00000097H   SFRSYM    DATA     BYTE      AUXR2
      000000EFH   SFRSYM    DATA     BYTE      AUXINTIF
      000000FDH   SFRSYM    DATA     BYTE      S4CON
      000000ACH   SFRSYM    DATA     BYTE      S3CON
      0000009AH   SFRSYM    DATA     BYTE      S2CON
      000000B7H   SFRSYM    DATA     BYTE      IPH
      000000CDH   SFRSYM    DATA     BYTE      SPSTAT
      000000DDH   SFRSYM    DATA     BYTE      T4T3M
      000000C1H   SFRSYM    DATA     BYTE      WDT_CONTR
      000000DFH   SFRSYM    DATA     BYTE      IP3
      000000F4H   SFRSYM    DATA     BYTE      USBCON
      000000B5H   SFRSYM    DATA     BYTE      IP2
      000000FFH   SFRSYM    DATA     BYTE      RSTCFG
      000000E0H   SFRSYM    DATA     BYTE      ACC
      000000C7H   SFRSYM    DATA     BYTE      IAP_CONTR
      0000008EH   SFRSYM    DATA     BYTE      AUXR
      000000F0H   SFRSYM    DATA     BYTE      B
      000000AFH   SFRSYM    DATA     BYTE      IE2
      00000088H   SFRSYM    DATA     BYTE      TCON
      00000089H   SFRSYM    DATA     BYTE      TMOD
      00000098H   SFRSYM    DATA     BYTE      SCON
      00000087H   SFRSYM    DATA     BYTE      PCON
      000000BCH   SFRSYM    DATA     BYTE      ADC_CONTR
      000000D1H   SFRSYM    DATA     BYTE      PSW1
      000000E7H   SFRSYM    DATA     BYTE      CMPCR2
      000000E6H   SFRSYM    DATA     BYTE      CMPCR1
      000000DEH   SFRSYM    DATA     BYTE      ADCCFG
      000000B8H   SFRSYM    DATA     BYTE      IP
      0000008FH   SFRSYM    DATA     BYTE      INTCLKO
      000000EEH   SFRSYM    DATA     BYTE      IP3H
      000000B6H   SFRSYM    DATA     BYTE      IP2H
      000000BFH   SFRSYM    DATA     BYTE      P_SW4
      000000A8H   SFRSYM    DATA     BYTE      IE
      000000BBH   SFRSYM    DATA     BYTE      P_SW3
      000000BAH   SFRSYM    DATA     BYTE      P_SW2
      000000A2H   SFRSYM    DATA     BYTE      P_SW1
L251 LINKER/LOCATER V4.66.93.0                                                        02/16/2026  01:45:12  PAGE 14


      000000CEH   SFRSYM    DATA     BYTE      SPCTL
      000000F8H   SFRSYM    DATA     BYTE      P7
      000000E8H   SFRSYM    DATA     BYTE      P6
      000000C8H   SFRSYM    DATA     BYTE      P5
      000000C0H   SFRSYM    DATA     BYTE      P4
      000000B0H   SFRSYM    DATA     BYTE      P3
      000000A0H   SFRSYM    DATA     BYTE      P2
      00000090H   SFRSYM    DATA     BYTE      P1
      00000080H   SFRSYM    DATA     BYTE      P0
      00000012H   SYMBOL    EDATA    BYTE      display_color_state
      00FF178AH   SYMBOL    HCONST   ---       digit_rows
      000100DAH   SYMBOL    XDATA    ---       g_frame
      R10         REGSYM    ---      BYTE      digit
      R15         REGSYM    ---      BYTE      g
      R8          REGSYM    ---      BYTE      r
      R9          REGSYM    ---      BYTE      b
      R5          REGSYM    ---      BYTE      row
      R4          REGSYM    ---      BYTE      col
      WR6         REGSYM    ---      WORD      led
      R3          REGSYM    ---      BYTE      on
      WR0         REGSYM    ---      WORD      base
      R2          REGSYM    ---      BYTE      g
      R3          REGSYM    ---      BYTE      r
      R10         REGSYM    ---      BYTE      b
      WR0         REGSYM    ---      WORD      i
      WR6         REGSYM    ---      WORD      base
      WR6         REGSYM    ---      WORD      i
      R7          REGSYM    ---      BYTE      digit
      R10         REGSYM    ---      BYTE      color_mode
      R5          REGSYM    ---      BYTE      g
      R7          REGSYM    ---      BYTE      r
      R6          REGSYM    ---      BYTE      b
      WR14        REGSYM    ---      WORD      hold_ms
      R13         REGSYM    ---      BYTE      d

      ---         MODULE    ---      ---       ws2812_test
      00FF1682H   PUBLIC    CODE     ---       PWMAT_DMA_ISR
      00FF15F5H   PUBLIC    CODE     ---       ws2812_test_init
      00FF108EH   PUBLIC    CODE     ---       ws2812_test_step
      00000094H   SFRSYM    DATA     BYTE      P0M0
      000000D0H   SFRSYM    DATA     BYTE      PSW
      0000009DH   SFRSYM    DATA     BYTE      IRCBAND
      00000097H   SFRSYM    DATA     BYTE      AUXR2
      000000EFH   SFRSYM    DATA     BYTE      AUXINTIF
      000000FDH   SFRSYM    DATA     BYTE      S4CON
      000000ACH   SFRSYM    DATA     BYTE      S3CON
      0000009AH   SFRSYM    DATA     BYTE      S2CON
      000000B7H   SFRSYM    DATA     BYTE      IPH
      000000CDH   SFRSYM    DATA     BYTE      SPSTAT
      000000DDH   SFRSYM    DATA     BYTE      T4T3M
      000000C1H   SFRSYM    DATA     BYTE      WDT_CONTR
      000000DFH   SFRSYM    DATA     BYTE      IP3
      000000F4H   SFRSYM    DATA     BYTE      USBCON
      000000B5H   SFRSYM    DATA     BYTE      IP2
      000000FFH   SFRSYM    DATA     BYTE      RSTCFG
      000000E0H   SFRSYM    DATA     BYTE      ACC
      000000C7H   SFRSYM    DATA     BYTE      IAP_CONTR
      0000008EH   SFRSYM    DATA     BYTE      AUXR
      000000F0H   SFRSYM    DATA     BYTE      B
      000000AFH   SFRSYM    DATA     BYTE      IE2
      00000088H   SFRSYM    DATA     BYTE      TCON
      00000089H   SFRSYM    DATA     BYTE      TMOD
      00000098H   SFRSYM    DATA     BYTE      SCON
      00000090H.1 SFRSYM    DATA     BIT       P11
      00000087H   SFRSYM    DATA     BYTE      PCON
L251 LINKER/LOCATER V4.66.93.0                                                        02/16/2026  01:45:12  PAGE 15


      00000090H.0 SFRSYM    DATA     BIT       P10
      000000BCH   SFRSYM    DATA     BYTE      ADC_CONTR
      000000D1H   SFRSYM    DATA     BYTE      PSW1
      000000E7H   SFRSYM    DATA     BYTE      CMPCR2
      000000E6H   SFRSYM    DATA     BYTE      CMPCR1
      000000DEH   SFRSYM    DATA     BYTE      ADCCFG
      000000B8H   SFRSYM    DATA     BYTE      IP
      0000008FH   SFRSYM    DATA     BYTE      INTCLKO
      000000EEH   SFRSYM    DATA     BYTE      IP3H
      000000B6H   SFRSYM    DATA     BYTE      IP2H
      000000BFH   SFRSYM    DATA     BYTE      P_SW4
      000000A8H   SFRSYM    DATA     BYTE      IE
      000000BBH   SFRSYM    DATA     BYTE      P_SW3
      000000BAH   SFRSYM    DATA     BYTE      P_SW2
      000000A2H   SFRSYM    DATA     BYTE      P_SW1
      000000CEH   SFRSYM    DATA     BYTE      SPCTL
      000000F8H   SFRSYM    DATA     BYTE      P7
      000000E8H   SFRSYM    DATA     BYTE      P6
      000000C8H   SFRSYM    DATA     BYTE      P5
      000000C0H   SFRSYM    DATA     BYTE      P4
      000000B0H   SFRSYM    DATA     BYTE      P3
      000000A0H   SFRSYM    DATA     BYTE      P2
      00000090H   SFRSYM    DATA     BYTE      P1
      00000080H   SFRSYM    DATA     BYTE      P0
      00000091H   SFRSYM    DATA     BYTE      P1M1
      00000092H   SFRSYM    DATA     BYTE      P1M0
      00000093H   SFRSYM    DATA     BYTE      P0M1
      00FF0239H   SYMBOL    CODE     ---       hc595_pulse_srclk
      00FF1351H   SYMBOL    CODE     ---       ws2812_apply_output_pin
      00FF1770H   SYMBOL    CODE     ---       hc595_pulse_rclk
      00FF0BE8H   SYMBOL    CODE     ---       ws2812_pwm_config
      00FF01D1H   SYMBOL    CODE     ---       ws2812_dma_start
      00FF0003H   SYMBOL    CODE     ---       ws2812_build_pwm_data
      00FF14FDH   SYMBOL    CODE     ---       hc595_write16
      00010000H   SYMBOL    XDATA    ---       ws_rgb
      00010018H   SYMBOL    XDATA    ---       ws_pwm
      0000000FH   SYMBOL    EDATA    BYTE      shift_index
      00000010H   SYMBOL    EDATA    BYTE      light_count
      00000011H   SYMBOL    EDATA    BYTE      ws2812_output_pin
      00000020H.3 SYMBOL    BIT      BIT       ws2812_dma_busy

      00FF1351H   BLOCK     CODE     ---       LVL=0
      R7          REGSYM    ---      BYTE      output_pin
      00FF1351H   LINE      CODE     ---       #26
      00FF1353H   LINE      CODE     ---       #28
      00FF1357H   LINE      CODE     ---       #30
      00FF1364H   LINE      CODE     ---       #31
      00FF136DH   LINE      CODE     ---       #32
      00FF1376H   LINE      CODE     ---       #33
      00FF1378H   LINE      CODE     ---       #34
      00FF1379H   LINE      CODE     ---       #37
      00FF1386H   LINE      CODE     ---       #38
      00FF138DH   LINE      CODE     ---       #39
      00FF1396H   LINE      CODE     ---       #40
      00FF1398H   LINE      CODE     ---       #41
      00FF1398H   LINE      CODE     ---       #42
      ---         BLOCKEND  ---      ---       LVL=0

      00FF0239H   BLOCK     CODE     ---       LVL=0
      00FF0239H   LINE      CODE     ---       #44
      00FF0239H   LINE      CODE     ---       #46
      00FF023BH   LINE      CODE     ---       #47
      00FF023CH   LINE      CODE     ---       #48
      00FF023EH   LINE      CODE     ---       #49
      ---         BLOCKEND  ---      ---       LVL=0
L251 LINKER/LOCATER V4.66.93.0                                                        02/16/2026  01:45:12  PAGE 16



      00FF1770H   BLOCK     CODE     ---       LVL=0
      00FF1770H   LINE      CODE     ---       #51
      00FF1770H   LINE      CODE     ---       #53
      00FF1772H   LINE      CODE     ---       #54
      00FF1773H   LINE      CODE     ---       #55
      00FF1775H   LINE      CODE     ---       #56
      ---         BLOCKEND  ---      ---       LVL=0

      00FF14FDH   BLOCK     CODE     ---       LVL=0
      WR14        REGSYM    ---      WORD      value
      00FF1503H   BLOCK     CODE     NEAR LAB  LVL=1
      R13         REGSYM    ---      CHAR      bit_index
      ---         BLOCKEND  ---      ---       LVL=1
      00FF14FDH   LINE      CODE     ---       #58
      00FF1503H   LINE      CODE     ---       #59
      00FF1503H   LINE      CODE     ---       #62
      00FF1506H   LINE      CODE     ---       #64
      00FF151BH   LINE      CODE     ---       #65
      00FF151EH   LINE      CODE     ---       #66
      00FF1525H   LINE      CODE     ---       #68
      00FF1528H   LINE      CODE     ---       #69
      ---         BLOCKEND  ---      ---       LVL=0

      00FF0BE8H   BLOCK     CODE     ---       LVL=0
      00FF0BE8H   LINE      CODE     ---       #71
      00FF0BE8H   LINE      CODE     ---       #73
      00FF0BF4H   LINE      CODE     ---       #74
      00FF0BFFH   LINE      CODE     ---       #75
      00FF0C06H   LINE      CODE     ---       #76
      00FF0C0DH   LINE      CODE     ---       #78
      00FF0C14H   LINE      CODE     ---       #79
      00FF0C1BH   LINE      CODE     ---       #80
      00FF0C24H   LINE      CODE     ---       #81
      00FF0C2CH   LINE      CODE     ---       #82
      00FF0C35H   LINE      CODE     ---       #84
      00FF0C3EH   LINE      CODE     ---       #85
      00FF0C46H   LINE      CODE     ---       #86
      00FF0C4DH   LINE      CODE     ---       #88
      00FF0C56H   LINE      CODE     ---       #89
      00FF0C5EH   LINE      CODE     ---       #90
      00FF0C65H   LINE      CODE     ---       #91
      00FF0C6AH   LINE      CODE     ---       #93
      00FF0C6DH   LINE      CODE     ---       #94
      00FF0C70H   LINE      CODE     ---       #96
      00FF0C79H   LINE      CODE     ---       #97
      00FF0C82H   LINE      CODE     ---       #98
      00FF0C8BH   LINE      CODE     ---       #99
      ---         BLOCKEND  ---      ---       LVL=0

      00FF0003H   BLOCK     CODE     ---       LVL=0
      R4          REGSYM    ---      BYTE      on_count
      00FF0005H   BLOCK     CODE     NEAR LAB  LVL=1
      R5          REGSYM    ---      BYTE      led
      R4          REGSYM    ---      BYTE      color_idx
      R2          REGSYM    ---      BYTE      bit_idx
      WR6         REGSYM    ---      WORD      pwm_idx
      R3          REGSYM    ---      BYTE      color_val
      ---         BLOCKEND  ---      ---       LVL=1
      00FF0003H   LINE      CODE     ---       #101
      00FF0005H   LINE      CODE     ---       #102
      00FF0005H   LINE      CODE     ---       #109
      00FF0007H   LINE      CODE     ---       #111
      00FF000BH   LINE      CODE     ---       #113
      00FF0022H   LINE      CODE     ---       #114
L251 LINKER/LOCATER V4.66.93.0                                                        02/16/2026  01:45:12  PAGE 17


      00FF0031H   LINE      CODE     ---       #115
      00FF0031H   LINE      CODE     ---       #116
      00FF0033H   LINE      CODE     ---       #119
      00FF0049H   LINE      CODE     ---       #120
      00FF0057H   LINE      CODE     ---       #121
      00FF0062H   LINE      CODE     ---       #122
      00FF0062H   LINE      CODE     ---       #123
      00FF0068H   LINE      CODE     ---       #125
      00FF006DH   LINE      CODE     ---       #126
      00FF0071H   LINE      CODE     ---       #127
      00FF0073H   LINE      CODE     ---       #129
      00FF0075H   LINE      CODE     ---       #131
      00FF008BH   LINE      CODE     ---       #132
      00FF008DH   LINE      CODE     ---       #134
      00FF0092H   LINE      CODE     ---       #136
      00FF0094H   LINE      CODE     ---       #137
      00FF0096H   LINE      CODE     ---       #140
      00FF00A5H   LINE      CODE     ---       #141
      00FF00A5H   LINE      CODE     ---       #142
      00FF00A7H   LINE      CODE     ---       #143
      00FF00A9H   LINE      CODE     ---       #144
      00FF00AFH   LINE      CODE     ---       #145
      00FF00B5H   LINE      CODE     ---       #146
      00FF00BCH   LINE      CODE     ---       #147
      00FF00C8H   LINE      CODE     ---       #148
      ---         BLOCKEND  ---      ---       LVL=0

      00FF01D1H   BLOCK     CODE     ---       LVL=0
      REG=6       REGSYM    ---      ---       tx_buf
      WR14        REGSYM    ---      WORD      num
      R3          REGSYM    ---      BYTE      output_pin
      00FF01D7H   BLOCK     CODE     NEAR LAB  LVL=1
      WR2         REGSYM    ---      WORD      addr
      ---         BLOCKEND  ---      ---       LVL=1
      00FF01D1H   LINE      CODE     ---       #150
      00FF01D7H   LINE      CODE     ---       #151
      00FF01D7H   LINE      CODE     ---       #154
      00FF01DAH   LINE      CODE     ---       #156
      00FF01E6H   LINE      CODE     ---       #157
      00FF01EFH   LINE      CODE     ---       #158
      00FF01F8H   LINE      CODE     ---       #160
      00FF01FAH   LINE      CODE     ---       #161
      00FF0201H   LINE      CODE     ---       #162
      00FF0208H   LINE      CODE     ---       #163
      00FF0213H   LINE      CODE     ---       #164
      00FF021AH   LINE      CODE     ---       #165
      00FF0222H   LINE      CODE     ---       #166
      00FF022BH   LINE      CODE     ---       #167
      00FF022DH   LINE      CODE     ---       #168
      00FF0236H   LINE      CODE     ---       #169
      ---         BLOCKEND  ---      ---       LVL=0

      00FF15F5H   BLOCK     CODE     ---       LVL=0
      00FF15F5H   LINE      CODE     ---       #171
      00FF15F5H   LINE      CODE     ---       #173
      00FF15F8H   LINE      CODE     ---       #174
      00FF15FBH   LINE      CODE     ---       #176
      00FF15FDH   LINE      CODE     ---       #177
      00FF15FFH   LINE      CODE     ---       #178
      00FF1601H   LINE      CODE     ---       #180
      00FF1604H   LINE      CODE     ---       #181
      00FF1609H   LINE      CODE     ---       #182
      00FF160FH   LINE      CODE     ---       #183
      00FF1614H   LINE      CODE     ---       #184
      00FF1616H   LINE      CODE     ---       #185
L251 LINKER/LOCATER V4.66.93.0                                                        02/16/2026  01:45:12  PAGE 18


      ---         BLOCKEND  ---      ---       LVL=0

      00FF108EH   BLOCK     CODE     ---       LVL=0
      WR6         REGSYM    ---      WORD      shift_data
      00FF108EH   LINE      CODE     ---       #187
      00FF108EH   LINE      CODE     ---       #188
      00FF108EH   LINE      CODE     ---       #191
      00FF1091H   LINE      CODE     ---       #193
      00FF10A4H   LINE      CODE     ---       #194
      00FF10A7H   LINE      CODE     ---       #196
      00FF10AEH   LINE      CODE     ---       #197
      00FF10BDH   LINE      CODE     ---       #198
      00FF10C0H   LINE      CODE     ---       #199
      00FF10C7H   LINE      CODE     ---       #201
      00FF10D0H   LINE      CODE     ---       #202
      00FF10D9H   LINE      CODE     ---       #204
      00FF10DFH   LINE      CODE     ---       #205
      00FF10E8H   LINE      CODE     ---       #207
      00FF10F1H   LINE      CODE     ---       #209
      00FF10F6H   LINE      CODE     ---       #210
      00FF10FCH   LINE      CODE     ---       #212
      00FF10FEH   LINE      CODE     ---       #213
      00FF1100H   LINE      CODE     ---       #216
      00FF1105H   LINE      CODE     ---       #217
      00FF1105H   LINE      CODE     ---       #218
      00FF1105H   LINE      CODE     ---       #220
      ---         BLOCKEND  ---      ---       LVL=0

      00FF1682H   BLOCK     CODE     ---       LVL=0
      00FF1682H   LINE      CODE     ---       #222
      00FF1686H   LINE      CODE     ---       #224
      00FF1692H   LINE      CODE     ---       #225
      00FF1694H   LINE      CODE     ---       #226
      ---         BLOCKEND  ---      ---       LVL=0

      ---         MODULE    ---      ---       ws2812_driver
      00000094H   SFRSYM    DATA     BYTE      P0M0
      000000D0H   SFRSYM    DATA     BYTE      PSW
      0000009DH   SFRSYM    DATA     BYTE      IRCBAND
      00000097H   SFRSYM    DATA     BYTE      AUXR2
      000000EFH   SFRSYM    DATA     BYTE      AUXINTIF
      000000FDH   SFRSYM    DATA     BYTE      S4CON
      000000ACH   SFRSYM    DATA     BYTE      S3CON
      0000009AH   SFRSYM    DATA     BYTE      S2CON
      000000B7H   SFRSYM    DATA     BYTE      IPH
      000000CDH   SFRSYM    DATA     BYTE      SPSTAT
      000000DDH   SFRSYM    DATA     BYTE      T4T3M
      000000C1H   SFRSYM    DATA     BYTE      WDT_CONTR
      000000DFH   SFRSYM    DATA     BYTE      IP3
      000000F4H   SFRSYM    DATA     BYTE      USBCON
      000000B5H   SFRSYM    DATA     BYTE      IP2
      000000FFH   SFRSYM    DATA     BYTE      RSTCFG
      000000E0H   SFRSYM    DATA     BYTE      ACC
      000000C7H   SFRSYM    DATA     BYTE      IAP_CONTR
      0000008EH   SFRSYM    DATA     BYTE      AUXR
      000000F0H   SFRSYM    DATA     BYTE      B
      000000AFH   SFRSYM    DATA     BYTE      IE2
      00000088H   SFRSYM    DATA     BYTE      TCON
      00000089H   SFRSYM    DATA     BYTE      TMOD
      00000098H   SFRSYM    DATA     BYTE      SCON
      00000087H   SFRSYM    DATA     BYTE      PCON
      000000BCH   SFRSYM    DATA     BYTE      ADC_CONTR
      000000D1H   SFRSYM    DATA     BYTE      PSW1
      000000E7H   SFRSYM    DATA     BYTE      CMPCR2
      000000E6H   SFRSYM    DATA     BYTE      CMPCR1
L251 LINKER/LOCATER V4.66.93.0                                                        02/16/2026  01:45:12  PAGE 19


      000000DEH   SFRSYM    DATA     BYTE      ADCCFG
      000000B8H   SFRSYM    DATA     BYTE      IP
      0000008FH   SFRSYM    DATA     BYTE      INTCLKO
      000000EEH   SFRSYM    DATA     BYTE      IP3H
      000000B6H   SFRSYM    DATA     BYTE      IP2H
      000000BFH   SFRSYM    DATA     BYTE      P_SW4
      000000A8H   SFRSYM    DATA     BYTE      IE
      000000BBH   SFRSYM    DATA     BYTE      P_SW3
      000000BAH   SFRSYM    DATA     BYTE      P_SW2
      000000A2H   SFRSYM    DATA     BYTE      P_SW1
      000000CEH   SFRSYM    DATA     BYTE      SPCTL
      000000F8H   SFRSYM    DATA     BYTE      P7
      000000E8H   SFRSYM    DATA     BYTE      P6
      000000C8H   SFRSYM    DATA     BYTE      P5
      000000C0H   SFRSYM    DATA     BYTE      P4
      000000B0H   SFRSYM    DATA     BYTE      P3
      000000A0H   SFRSYM    DATA     BYTE      P2
      00000090H   SFRSYM    DATA     BYTE      P1
      00000080H   SFRSYM    DATA     BYTE      P0
      00000093H   SFRSYM    DATA     BYTE      P0M1
      00000013H   SYMBOL    EDATA    BYTE      ws2812_output_pin
      DR4         REGSYM    ---      DWORD     i
      DR4         REGSYM    ---      DWORD     i
      R7          REGSYM    ---      BYTE      output_pin
      R7          REGSYM    ---      BYTE      bit_val
      R15         REGSYM    ---      BYTE      value
      R14         REGSYM    ---      BYTE      mask
      R7          REGSYM    ---      BYTE      g
      R14         REGSYM    ---      BYTE      r
      R15         REGSYM    ---      BYTE      b
      REG=3       REGSYM    ---      ---       grb

      ---         MODULE    ---      ---       main
      00FF1737H   PUBLIC    CODE     ---       main
      00FF1703H   PUBLIC    CODE     ---       _m
      00FF1699H   PUBLIC    CODE     ---       delay_ms
      00FF121DH   PUBLIC    CODE     ---       SYS_Init
      00000094H   SFRSYM    DATA     BYTE      P0M0
      000000D0H   SFRSYM    DATA     BYTE      PSW
      0000009DH   SFRSYM    DATA     BYTE      IRCBAND
      00000097H   SFRSYM    DATA     BYTE      AUXR2
      000000EAH   SFRSYM    DATA     BYTE      CKCON
      000000EFH   SFRSYM    DATA     BYTE      AUXINTIF
      000000FDH   SFRSYM    DATA     BYTE      S4CON
      000000ACH   SFRSYM    DATA     BYTE      S3CON
      0000009AH   SFRSYM    DATA     BYTE      S2CON
      000000B7H   SFRSYM    DATA     BYTE      IPH
      000000CDH   SFRSYM    DATA     BYTE      SPSTAT
      000000DDH   SFRSYM    DATA     BYTE      T4T3M
      000000C1H   SFRSYM    DATA     BYTE      WDT_CONTR
      000000E9H   SFRSYM    DATA     BYTE      WTST
      000000DFH   SFRSYM    DATA     BYTE      IP3
      000000F4H   SFRSYM    DATA     BYTE      USBCON
      000000B5H   SFRSYM    DATA     BYTE      IP2
      000000FFH   SFRSYM    DATA     BYTE      RSTCFG
      000000E0H   SFRSYM    DATA     BYTE      ACC
      000000C7H   SFRSYM    DATA     BYTE      IAP_CONTR
      0000008EH   SFRSYM    DATA     BYTE      AUXR
      000000F0H   SFRSYM    DATA     BYTE      B
      000000AFH   SFRSYM    DATA     BYTE      IE2
      00000088H   SFRSYM    DATA     BYTE      TCON
      00000089H   SFRSYM    DATA     BYTE      TMOD
      00000098H   SFRSYM    DATA     BYTE      SCON
      000000F5H   SFRSYM    DATA     BYTE      IAP_TPS
      00000087H   SFRSYM    DATA     BYTE      PCON
L251 LINKER/LOCATER V4.66.93.0                                                        02/16/2026  01:45:12  PAGE 20


      000000BCH   SFRSYM    DATA     BYTE      ADC_CONTR
      000000D1H   SFRSYM    DATA     BYTE      PSW1
      000000E7H   SFRSYM    DATA     BYTE      CMPCR2
      000000E6H   SFRSYM    DATA     BYTE      CMPCR1
      000000DEH   SFRSYM    DATA     BYTE      ADCCFG
      000000B8H   SFRSYM    DATA     BYTE      IP
      0000008FH   SFRSYM    DATA     BYTE      INTCLKO
      000000EEH   SFRSYM    DATA     BYTE      IP3H
      000000B6H   SFRSYM    DATA     BYTE      IP2H
      000000BFH   SFRSYM    DATA     BYTE      P_SW4
      000000A8H   SFRSYM    DATA     BYTE      IE
      000000BBH   SFRSYM    DATA     BYTE      P_SW3
      000000BAH   SFRSYM    DATA     BYTE      P_SW2
      000000A2H   SFRSYM    DATA     BYTE      P_SW1
      000000CEH   SFRSYM    DATA     BYTE      SPCTL
      000000F8H   SFRSYM    DATA     BYTE      P7
      000000A8H.7 SFRSYM    DATA     BIT       EA
      000000E1H   SFRSYM    DATA     BYTE      P7M1
      000000E8H   SFRSYM    DATA     BYTE      P6
      000000C8H   SFRSYM    DATA     BYTE      P5
      000000CBH   SFRSYM    DATA     BYTE      P6M1
      000000E2H   SFRSYM    DATA     BYTE      P7M0
      000000C0H   SFRSYM    DATA     BYTE      P4
      000000C9H   SFRSYM    DATA     BYTE      P5M1
      000000CCH   SFRSYM    DATA     BYTE      P6M0
      000000B0H   SFRSYM    DATA     BYTE      P3
      000000B3H   SFRSYM    DATA     BYTE      P4M1
      000000CAH   SFRSYM    DATA     BYTE      P5M0
      000000A0H   SFRSYM    DATA     BYTE      P2
      000000B1H   SFRSYM    DATA     BYTE      P3M1
      000000B4H   SFRSYM    DATA     BYTE      P4M0
      00000090H   SFRSYM    DATA     BYTE      P1
      00000095H   SFRSYM    DATA     BYTE      P2M1
      000000B2H   SFRSYM    DATA     BYTE      P3M0
      00000080H   SFRSYM    DATA     BYTE      P0
      00000091H   SFRSYM    DATA     BYTE      P1M1
      00000096H   SFRSYM    DATA     BYTE      P2M0
      00000092H   SFRSYM    DATA     BYTE      P1M0
      00000093H   SFRSYM    DATA     BYTE      P0M1

      00FF1737H   BLOCK     CODE     ---       LVL=0
      00FF1737H   LINE      CODE     ---       #34
      ---         BLOCKEND  ---      ---       LVL=0

      00FF1703H   BLOCK     CODE     ---       LVL=0
      00FF1703H   LINE      CODE     ---       #34
      00FF1703H   LINE      CODE     ---       #40
      00FF1706H   LINE      CODE     ---       #43
      00FF1709H   LINE      CODE     ---       #46
      00FF1709H   LINE      CODE     ---       #49
      00FF170CH   LINE      CODE     ---       #52
      00FF1713H   LINE      CODE     ---       #54
      ---         BLOCKEND  ---      ---       LVL=0

      00FF121DH   BLOCK     CODE     ---       LVL=0
      00FF121DH   LINE      CODE     ---       #62
      00FF121DH   LINE      CODE     ---       #64
      00FF1220H   LINE      CODE     ---       #65
      00FF1223H   LINE      CODE     ---       #66
      00FF1226H   LINE      CODE     ---       #67
      00FF1229H   LINE      CODE     ---       #73
      00FF122FH   LINE      CODE     ---       #74
      00FF1235H   LINE      CODE     ---       #75
      00FF123BH   LINE      CODE     ---       #76
      00FF1241H   LINE      CODE     ---       #77
L251 LINKER/LOCATER V4.66.93.0                                                        02/16/2026  01:45:12  PAGE 21


      00FF1247H   LINE      CODE     ---       #78
      00FF124DH   LINE      CODE     ---       #79
      00FF1253H   LINE      CODE     ---       #80
      00FF1259H   LINE      CODE     ---       #82
      00FF125CH   LINE      CODE     ---       #83
      00FF1263H   LINE      CODE     ---       #84
      00FF1266H   LINE      CODE     ---       #85
      00FF126DH   LINE      CODE     ---       #91
      00FF126FH   LINE      CODE     ---       #92
      ---         BLOCKEND  ---      ---       LVL=0
      WR4         REGSYM    ---      WORD      us

      00FF1699H   BLOCK     CODE     ---       LVL=0
      WR4         REGSYM    ---      WORD      ms
      00FF169BH   BLOCK     CODE     NEAR LAB  LVL=1
      WR6         REGSYM    ---      WORD      i
      ---         BLOCKEND  ---      ---       LVL=1
      00FF1699H   LINE      CODE     ---       #113
      00FF169BH   LINE      CODE     ---       #114
      00FF169BH   LINE      CODE     ---       #117
      00FF169BH   LINE      CODE     ---       #119
      00FF169FH   LINE      CODE     ---       #120
      00FF16A7H   LINE      CODE     ---       #121
      00FF16AFH   LINE      CODE     ---       #122
      ---         BLOCKEND  ---      ---       LVL=0

      ---         MODULE    ---      ---       port
      00FF1418H   PUBLIC    CODE     ---       PORT0_Init
      00000094H   SFRSYM    DATA     BYTE      P0M0
      000000D0H   SFRSYM    DATA     BYTE      PSW
      0000009DH   SFRSYM    DATA     BYTE      IRCBAND
      00000097H   SFRSYM    DATA     BYTE      AUXR2
      000000EFH   SFRSYM    DATA     BYTE      AUXINTIF
      000000FDH   SFRSYM    DATA     BYTE      S4CON
      000000ACH   SFRSYM    DATA     BYTE      S3CON
      0000009AH   SFRSYM    DATA     BYTE      S2CON
      000000B7H   SFRSYM    DATA     BYTE      IPH
      000000CDH   SFRSYM    DATA     BYTE      SPSTAT
      000000DDH   SFRSYM    DATA     BYTE      T4T3M
      000000C1H   SFRSYM    DATA     BYTE      WDT_CONTR
      000000DFH   SFRSYM    DATA     BYTE      IP3
      000000F4H   SFRSYM    DATA     BYTE      USBCON
      000000B5H   SFRSYM    DATA     BYTE      IP2
      000000FFH   SFRSYM    DATA     BYTE      RSTCFG
      000000E0H   SFRSYM    DATA     BYTE      ACC
      000000C7H   SFRSYM    DATA     BYTE      IAP_CONTR
      0000008EH   SFRSYM    DATA     BYTE      AUXR
      000000F0H   SFRSYM    DATA     BYTE      B
      000000AFH   SFRSYM    DATA     BYTE      IE2
      00000088H   SFRSYM    DATA     BYTE      TCON
      00000089H   SFRSYM    DATA     BYTE      TMOD
      00000098H   SFRSYM    DATA     BYTE      SCON
      00000087H   SFRSYM    DATA     BYTE      PCON
      000000BCH   SFRSYM    DATA     BYTE      ADC_CONTR
      000000D1H   SFRSYM    DATA     BYTE      PSW1
      000000E7H   SFRSYM    DATA     BYTE      CMPCR2
      000000E6H   SFRSYM    DATA     BYTE      CMPCR1
      000000DEH   SFRSYM    DATA     BYTE      ADCCFG
      000000B8H   SFRSYM    DATA     BYTE      IP
      0000008FH   SFRSYM    DATA     BYTE      INTCLKO
      000000EEH   SFRSYM    DATA     BYTE      IP3H
      000000B6H   SFRSYM    DATA     BYTE      IP2H
      000000BFH   SFRSYM    DATA     BYTE      P_SW4
      000000A8H   SFRSYM    DATA     BYTE      IE
      000000BBH   SFRSYM    DATA     BYTE      P_SW3
L251 LINKER/LOCATER V4.66.93.0                                                        02/16/2026  01:45:12  PAGE 22


      000000BAH   SFRSYM    DATA     BYTE      P_SW2
      000000A2H   SFRSYM    DATA     BYTE      P_SW1
      000000CEH   SFRSYM    DATA     BYTE      SPCTL
      000000F8H   SFRSYM    DATA     BYTE      P7
      000000E8H   SFRSYM    DATA     BYTE      P6
      000000C8H   SFRSYM    DATA     BYTE      P5
      000000C0H   SFRSYM    DATA     BYTE      P4
      000000B0H   SFRSYM    DATA     BYTE      P3
      000000A0H   SFRSYM    DATA     BYTE      P2
      00000090H   SFRSYM    DATA     BYTE      P1
      00000080H   SFRSYM    DATA     BYTE      P0
      00000093H   SFRSYM    DATA     BYTE      P0M1

      00FF1418H   BLOCK     CODE     ---       LVL=0
      00FF1418H   LINE      CODE     ---       #32
      00FF1418H   LINE      CODE     ---       #34
      00FF141BH   LINE      CODE     ---       #35
      00FF1421H   LINE      CODE     ---       #37
      00FF142DH   LINE      CODE     ---       #38
      00FF1434H   LINE      CODE     ---       #39
      00FF143DH   LINE      CODE     ---       #40
      00FF1444H   LINE      CODE     ---       #41
      00FF144BH   LINE      CODE     ---       #42
      00FF1452H   LINE      CODE     ---       #47
      ---         BLOCKEND  ---      ---       LVL=0

      ---         MODULE    ---      ---       usblib
      00FF1715H   PUBLIC    CODE     ---       USBLIB_OUT_Callback
      00FF1634H   PUBLIC    CODE     ---       USBLIB_Init
      000000D0H   SFRSYM    DATA     BYTE      PSW
      0000009DH   SFRSYM    DATA     BYTE      IRCBAND
      00000097H   SFRSYM    DATA     BYTE      AUXR2
      000000EFH   SFRSYM    DATA     BYTE      AUXINTIF
      000000FDH   SFRSYM    DATA     BYTE      S4CON
      000000ACH   SFRSYM    DATA     BYTE      S3CON
      0000009AH   SFRSYM    DATA     BYTE      S2CON
      000000B7H   SFRSYM    DATA     BYTE      IPH
      000000CDH   SFRSYM    DATA     BYTE      SPSTAT
      000000DDH   SFRSYM    DATA     BYTE      T4T3M
      000000C1H   SFRSYM    DATA     BYTE      WDT_CONTR
      000000DFH   SFRSYM    DATA     BYTE      IP3
      000000F4H   SFRSYM    DATA     BYTE      USBCON
      000000B5H   SFRSYM    DATA     BYTE      IP2
      000000FFH   SFRSYM    DATA     BYTE      RSTCFG
      000000E0H   SFRSYM    DATA     BYTE      ACC
      000000C7H   SFRSYM    DATA     BYTE      IAP_CONTR
      0000008EH   SFRSYM    DATA     BYTE      AUXR
      000000F0H   SFRSYM    DATA     BYTE      B
      000000AFH   SFRSYM    DATA     BYTE      IE2
      00000088H   SFRSYM    DATA     BYTE      TCON
      00000089H   SFRSYM    DATA     BYTE      TMOD
      00000098H   SFRSYM    DATA     BYTE      SCON
      00000087H   SFRSYM    DATA     BYTE      PCON
      000000BCH   SFRSYM    DATA     BYTE      ADC_CONTR
      000000D1H   SFRSYM    DATA     BYTE      PSW1
      000000E7H   SFRSYM    DATA     BYTE      CMPCR2
      000000E6H   SFRSYM    DATA     BYTE      CMPCR1
      000000DEH   SFRSYM    DATA     BYTE      ADCCFG
      000000B8H   SFRSYM    DATA     BYTE      IP
      0000008FH   SFRSYM    DATA     BYTE      INTCLKO
      000000EEH   SFRSYM    DATA     BYTE      IP3H
      000000B6H   SFRSYM    DATA     BYTE      IP2H
      000000BFH   SFRSYM    DATA     BYTE      P_SW4
      000000A8H   SFRSYM    DATA     BYTE      IE
      000000BBH   SFRSYM    DATA     BYTE      P_SW3
L251 LINKER/LOCATER V4.66.93.0                                                        02/16/2026  01:45:12  PAGE 23


      000000BAH   SFRSYM    DATA     BYTE      P_SW2
      000000A2H   SFRSYM    DATA     BYTE      P_SW1
      000000CEH   SFRSYM    DATA     BYTE      SPCTL
      000000F8H   SFRSYM    DATA     BYTE      P7
      000000E8H   SFRSYM    DATA     BYTE      P6
      000000C8H   SFRSYM    DATA     BYTE      P5
      000000C0H   SFRSYM    DATA     BYTE      P4
      000000B0H   SFRSYM    DATA     BYTE      P3
      000000A0H   SFRSYM    DATA     BYTE      P2
      00000090H   SFRSYM    DATA     BYTE      P1
      00000080H   SFRSYM    DATA     BYTE      P0

      00FF1634H   BLOCK     CODE     ---       LVL=0
      00FF1634H   LINE      CODE     ---       #32
      00FF1634H   LINE      CODE     ---       #34
      00FF1637H   LINE      CODE     ---       #35
      00FF163DH   LINE      CODE     ---       #36
      00FF1644H   LINE      CODE     ---       #37
      ---         BLOCKEND  ---      ---       LVL=0

      00FF1715H   BLOCK     CODE     ---       LVL=0
      00FF1715H   LINE      CODE     ---       #62
      00FF1715H   LINE      CODE     ---       #66
      ---         BLOCKEND  ---      ---       LVL=0

      ---         MODULE    ---      ---       usb
      00FF1726H   PUBLIC    CODE     ---       usb_setup_in
      00FF1747H   PUBLIC    CODE     ---       usb_setup_out
      00FF1106H   PUBLIC    CODE     ---       usb_ctrl_in
      00FF1270H   PUBLIC    CODE     ---       usb_ctrl_out
      00FF00C9H   PUBLIC    CODE     ---       usb_suspend
      00FF16C6H   PUBLIC    CODE     ---       usb_bulk_intr_in
      00FF00CAH   PUBLIC    CODE     ---       usb_resume
      00FF148EH   PUBLIC    CODE     ---       usb_read_fifo?_
      00FF12BDH   PUBLIC    CODE     ---       usb_reset
      00FF0A96H   PUBLIC    CODE     ---       USB_SendData
      00FF1776H   PUBLIC    CODE     ---       set_usb_ispcmd
      00FF0F01H   PUBLIC    CODE     ---       usb_setup
      00FF1558H   PUBLIC    CODE     ---       usb_write_fifo?_
      00FF0DCAH   PUBLIC    CODE     ---       usb_init
      00FF1755H   PUBLIC    CODE     ---       usb_setup_stall
      00FF177BH   PUBLIC    CODE     ---       set_usb_OUT_callback
      00FF1763H   PUBLIC    CODE     ---       usb_setup_status
      00FF16DBH   PUBLIC    CODE     ---       usb_read_reg
      00FF1453H   PUBLIC    CODE     ---       usb_in_ep1
      00FF152DH   PUBLIC    CODE     ---       usb_in_ep2
      00FF09B1H   PUBLIC    CODE     ---       usb_out_ep1
      00FF16F0H   PUBLIC    CODE     ---       usb_write_reg
      00FF100EH   PUBLIC    CODE     ---       usb_isr
      0000004DH   PUBLIC    EDATA    ---       Setup
      00000055H   PUBLIC    EDATA    BYTE      OutNumber
      00000057H   PUBLIC    EDATA    ---       usb_OUT_callback
      00000059H   PUBLIC    EDATA    ---       USER_STCISPCMD
      0000005DH   PUBLIC    EDATA    ---       usb_IN_callback
      0000005FH   PUBLIC    EDATA    BYTE      DeviceState
      00000060H   PUBLIC    EDATA    ---       Ep0State
      00000067H   PUBLIC    EDATA    BYTE      InEpState
      00000068H   PUBLIC    EDATA    BYTE      OutEpState
      00000020H.0 PUBLIC    BIT      BIT       bUsbOutReady
      00000020H.1 PUBLIC    BIT      BIT       bUsbFeatureReady
      00000020H.2 PUBLIC    BIT      BIT       bUsbInBusy
      0001019AH   PUBLIC    XDATA    ---       UsbInBuffer
      000101DAH   PUBLIC    XDATA    ---       UsbOutBuffer
      0001021AH   PUBLIC    XDATA    ---       UsbFeatureBuffer
      000000D0H   SFRSYM    DATA     BYTE      PSW
L251 LINKER/LOCATER V4.66.93.0                                                        02/16/2026  01:45:12  PAGE 24


      0000009DH   SFRSYM    DATA     BYTE      IRCBAND
      00000097H   SFRSYM    DATA     BYTE      AUXR2
      000000EFH   SFRSYM    DATA     BYTE      AUXINTIF
      000000FDH   SFRSYM    DATA     BYTE      S4CON
      000000ACH   SFRSYM    DATA     BYTE      S3CON
      0000009AH   SFRSYM    DATA     BYTE      S2CON
      000000B7H   SFRSYM    DATA     BYTE      IPH
      000000CDH   SFRSYM    DATA     BYTE      SPSTAT
      000000DDH   SFRSYM    DATA     BYTE      T4T3M
      000000C1H   SFRSYM    DATA     BYTE      WDT_CONTR
      000000DFH   SFRSYM    DATA     BYTE      IP3
      000000F4H   SFRSYM    DATA     BYTE      USBCON
      000000B5H   SFRSYM    DATA     BYTE      IP2
      000000FFH   SFRSYM    DATA     BYTE      RSTCFG
      000000DCH   SFRSYM    DATA     BYTE      USBCLK
      000000ECH   SFRSYM    DATA     BYTE      USBDAT
      000000C7H   SFRSYM    DATA     BYTE      IAP_CONTR
      000000F9H   SFRSYM    DATA     BYTE      LINICR
      000000FCH   SFRSYM    DATA     BYTE      USBADR
      0000008EH   SFRSYM    DATA     BYTE      AUXR
      000000AFH   SFRSYM    DATA     BYTE      IE2
      00000088H   SFRSYM    DATA     BYTE      TCON
      00000098H   SFRSYM    DATA     BYTE      SCON
      000000F1H   SFRSYM    DATA     BYTE      CANICR
      00000087H   SFRSYM    DATA     BYTE      PCON
      000000BCH   SFRSYM    DATA     BYTE      ADC_CONTR
      000000AFH.7 SFRSYM    DATA     BIT       EUSB
      000000E7H   SFRSYM    DATA     BYTE      CMPCR2
      000000E6H   SFRSYM    DATA     BYTE      CMPCR1
      000000B8H   SFRSYM    DATA     BYTE      IP
      0000008FH   SFRSYM    DATA     BYTE      INTCLKO
      000000EEH   SFRSYM    DATA     BYTE      IP3H
      000000B6H   SFRSYM    DATA     BYTE      IP2H
      000000A8H   SFRSYM    DATA     BYTE      IE
      000000BBH   SFRSYM    DATA     BYTE      P_SW3
      000000BAH   SFRSYM    DATA     BYTE      P_SW2
      000000A2H   SFRSYM    DATA     BYTE      P_SW1
      000000CEH   SFRSYM    DATA     BYTE      SPCTL
      000000F8H   SFRSYM    DATA     BYTE      P7
      000000E8H   SFRSYM    DATA     BYTE      P6
      000000C8H   SFRSYM    DATA     BYTE      P5
      000000C0H   SFRSYM    DATA     BYTE      P4
      000000B0H   SFRSYM    DATA     BYTE      P3
      000000A0H   SFRSYM    DATA     BYTE      P2
      000000B1H   SFRSYM    DATA     BYTE      P3M1
      00000090H   SFRSYM    DATA     BYTE      P1
      000000B2H   SFRSYM    DATA     BYTE      P3M0
      00000080H   SFRSYM    DATA     BYTE      P0

      ---         MODULE    ---      ---       usb_req_class
      00FF16B0H   PUBLIC    CODE     ---       usb_set_ctrl_line_state
      00FF15A9H   PUBLIC    CODE     ---       usb_get_line_coding
      00FF15CFH   PUBLIC    CODE     ---       usb_set_line_coding
      00FF164FH   PUBLIC    CODE     ---       usb_req_class
      00000008H   PUBLIC    EDATA    ---       LineCoding
      000000D0H   SFRSYM    DATA     BYTE      PSW
      0000009DH   SFRSYM    DATA     BYTE      IRCBAND
      00000097H   SFRSYM    DATA     BYTE      AUXR2
      000000EFH   SFRSYM    DATA     BYTE      AUXINTIF
      000000FDH   SFRSYM    DATA     BYTE      S4CON
      000000ACH   SFRSYM    DATA     BYTE      S3CON
      0000009AH   SFRSYM    DATA     BYTE      S2CON
      000000B7H   SFRSYM    DATA     BYTE      IPH
      000000CDH   SFRSYM    DATA     BYTE      SPSTAT
      000000DDH   SFRSYM    DATA     BYTE      T4T3M
L251 LINKER/LOCATER V4.66.93.0                                                        02/16/2026  01:45:12  PAGE 25


      000000C1H   SFRSYM    DATA     BYTE      WDT_CONTR
      000000DFH   SFRSYM    DATA     BYTE      IP3
      000000F4H   SFRSYM    DATA     BYTE      USBCON
      000000B5H   SFRSYM    DATA     BYTE      IP2
      000000FFH   SFRSYM    DATA     BYTE      RSTCFG
      000000F9H   SFRSYM    DATA     BYTE      LINICR
      0000008EH   SFRSYM    DATA     BYTE      AUXR
      000000AFH   SFRSYM    DATA     BYTE      IE2
      00000088H   SFRSYM    DATA     BYTE      TCON
      00000098H   SFRSYM    DATA     BYTE      SCON
      000000F1H   SFRSYM    DATA     BYTE      CANICR
      00000087H   SFRSYM    DATA     BYTE      PCON
      000000BCH   SFRSYM    DATA     BYTE      ADC_CONTR
      000000E7H   SFRSYM    DATA     BYTE      CMPCR2
      000000E6H   SFRSYM    DATA     BYTE      CMPCR1
      000000B8H   SFRSYM    DATA     BYTE      IP
      0000008FH   SFRSYM    DATA     BYTE      INTCLKO
      000000EEH   SFRSYM    DATA     BYTE      IP3H
      000000B6H   SFRSYM    DATA     BYTE      IP2H
      000000A8H   SFRSYM    DATA     BYTE      IE
      000000BBH   SFRSYM    DATA     BYTE      P_SW3
      000000BAH   SFRSYM    DATA     BYTE      P_SW2
      000000A2H   SFRSYM    DATA     BYTE      P_SW1
      000000CEH   SFRSYM    DATA     BYTE      SPCTL
      000000F8H   SFRSYM    DATA     BYTE      P7
      000000E8H   SFRSYM    DATA     BYTE      P6
      000000C8H   SFRSYM    DATA     BYTE      P5
      000000C0H   SFRSYM    DATA     BYTE      P4
      000000B0H   SFRSYM    DATA     BYTE      P3
      000000A0H   SFRSYM    DATA     BYTE      P2
      00000090H   SFRSYM    DATA     BYTE      P1
      00000080H   SFRSYM    DATA     BYTE      P0

      ---         MODULE    ---      ---       usb_req_std
      00FF13DAH   PUBLIC    CODE     ---       usb_get_interface
      00FF0C8CH   PUBLIC    CODE     ---       usb_clear_feature
      00FF1581H   PUBLIC    CODE     ---       usb_set_interface
      00FF0D2BH   PUBLIC    CODE     ---       usb_get_descriptor
      00FF023FH   PUBLIC    CODE     ---       usb_set_descriptor
      00FF116DH   PUBLIC    CODE     ---       usb_req_std
      00FF1780H   PUBLIC    CODE     ---       usb_synch_frame
      00FF1307H   PUBLIC    CODE     ---       usb_set_address
      00FF0E68H   PUBLIC    CODE     ---       usb_set_feature
      00FF11C9H   PUBLIC    CODE     ---       usb_get_configuration
      00FF0B43H   PUBLIC    CODE     ---       usb_set_configuration
      00FF00CEH   PUBLIC    CODE     ---       usb_get_status
      000000D0H   SFRSYM    DATA     BYTE      PSW
      0000009DH   SFRSYM    DATA     BYTE      IRCBAND
      00000097H   SFRSYM    DATA     BYTE      AUXR2
      000000EFH   SFRSYM    DATA     BYTE      AUXINTIF
      000000FDH   SFRSYM    DATA     BYTE      S4CON
      000000ACH   SFRSYM    DATA     BYTE      S3CON
      0000009AH   SFRSYM    DATA     BYTE      S2CON
      000000B7H   SFRSYM    DATA     BYTE      IPH
      000000CDH   SFRSYM    DATA     BYTE      SPSTAT
      000000DDH   SFRSYM    DATA     BYTE      T4T3M
      000000C1H   SFRSYM    DATA     BYTE      WDT_CONTR
      000000DFH   SFRSYM    DATA     BYTE      IP3
      000000F4H   SFRSYM    DATA     BYTE      USBCON
      000000B5H   SFRSYM    DATA     BYTE      IP2
      000000FFH   SFRSYM    DATA     BYTE      RSTCFG
      000000F9H   SFRSYM    DATA     BYTE      LINICR
      0000008EH   SFRSYM    DATA     BYTE      AUXR
      000000AFH   SFRSYM    DATA     BYTE      IE2
      00000088H   SFRSYM    DATA     BYTE      TCON
L251 LINKER/LOCATER V4.66.93.0                                                        02/16/2026  01:45:12  PAGE 26


      00000098H   SFRSYM    DATA     BYTE      SCON
      000000F1H   SFRSYM    DATA     BYTE      CANICR
      00000087H   SFRSYM    DATA     BYTE      PCON
      000000BCH   SFRSYM    DATA     BYTE      ADC_CONTR
      000000E7H   SFRSYM    DATA     BYTE      CMPCR2
      000000E6H   SFRSYM    DATA     BYTE      CMPCR1
      000000B8H   SFRSYM    DATA     BYTE      IP
      0000008FH   SFRSYM    DATA     BYTE      INTCLKO
      000000EEH   SFRSYM    DATA     BYTE      IP3H
      000000B6H   SFRSYM    DATA     BYTE      IP2H
      000000A8H   SFRSYM    DATA     BYTE      IE
      000000BBH   SFRSYM    DATA     BYTE      P_SW3
      000000BAH   SFRSYM    DATA     BYTE      P_SW2
      000000A2H   SFRSYM    DATA     BYTE      P_SW1
      000000CEH   SFRSYM    DATA     BYTE      SPCTL
      000000F8H   SFRSYM    DATA     BYTE      P7
      000000E8H   SFRSYM    DATA     BYTE      P6
      000000C8H   SFRSYM    DATA     BYTE      P5
      000000C0H   SFRSYM    DATA     BYTE      P4
      000000B0H   SFRSYM    DATA     BYTE      P3
      000000A0H   SFRSYM    DATA     BYTE      P2
      00000090H   SFRSYM    DATA     BYTE      P1
      00000080H   SFRSYM    DATA     BYTE      P0

      ---         MODULE    ---      ---       usb_req_vendor
      00FF1783H   PUBLIC    CODE     ---       usb_req_vendor
      000000D0H   SFRSYM    DATA     BYTE      PSW
      0000009DH   SFRSYM    DATA     BYTE      IRCBAND
      00000097H   SFRSYM    DATA     BYTE      AUXR2
      000000EFH   SFRSYM    DATA     BYTE      AUXINTIF
      000000FDH   SFRSYM    DATA     BYTE      S4CON
      000000ACH   SFRSYM    DATA     BYTE      S3CON
      0000009AH   SFRSYM    DATA     BYTE      S2CON
      000000B7H   SFRSYM    DATA     BYTE      IPH
      000000CDH   SFRSYM    DATA     BYTE      SPSTAT
      000000DDH   SFRSYM    DATA     BYTE      T4T3M
      000000C1H   SFRSYM    DATA     BYTE      WDT_CONTR
      000000DFH   SFRSYM    DATA     BYTE      IP3
      000000F4H   SFRSYM    DATA     BYTE      USBCON
      000000B5H   SFRSYM    DATA     BYTE      IP2
      000000FFH   SFRSYM    DATA     BYTE      RSTCFG
      000000F9H   SFRSYM    DATA     BYTE      LINICR
      0000008EH   SFRSYM    DATA     BYTE      AUXR
      000000AFH   SFRSYM    DATA     BYTE      IE2
      00000088H   SFRSYM    DATA     BYTE      TCON
      00000098H   SFRSYM    DATA     BYTE      SCON
      000000F1H   SFRSYM    DATA     BYTE      CANICR
      00000087H   SFRSYM    DATA     BYTE      PCON
      000000BCH   SFRSYM    DATA     BYTE      ADC_CONTR
      000000E7H   SFRSYM    DATA     BYTE      CMPCR2
      000000E6H   SFRSYM    DATA     BYTE      CMPCR1
      000000B8H   SFRSYM    DATA     BYTE      IP
      0000008FH   SFRSYM    DATA     BYTE      INTCLKO
      000000EEH   SFRSYM    DATA     BYTE      IP3H
      000000B6H   SFRSYM    DATA     BYTE      IP2H
      000000A8H   SFRSYM    DATA     BYTE      IE
      000000BBH   SFRSYM    DATA     BYTE      P_SW3
      000000BAH   SFRSYM    DATA     BYTE      P_SW2
      000000A2H   SFRSYM    DATA     BYTE      P_SW1
      000000CEH   SFRSYM    DATA     BYTE      SPCTL
      000000F8H   SFRSYM    DATA     BYTE      P7
      000000E8H   SFRSYM    DATA     BYTE      P6
      000000C8H   SFRSYM    DATA     BYTE      P5
      000000C0H   SFRSYM    DATA     BYTE      P4
      000000B0H   SFRSYM    DATA     BYTE      P3
L251 LINKER/LOCATER V4.66.93.0                                                        02/16/2026  01:45:12  PAGE 27


      000000A0H   SFRSYM    DATA     BYTE      P2
      00000090H   SFRSYM    DATA     BYTE      P1
      00000080H   SFRSYM    DATA     BYTE      P0

      ---         MODULE    ---      ---       util
      00FF14C8H   PUBLIC    CODE     ---       reverse2
      00FF166AH   PUBLIC    CODE     ---       sleep_ms
      00FF1617H   PUBLIC    CODE     ---       sleep_us
      000000D0H   SFRSYM    DATA     BYTE      PSW
      0000009DH   SFRSYM    DATA     BYTE      IRCBAND
      00000097H   SFRSYM    DATA     BYTE      AUXR2
      000000EFH   SFRSYM    DATA     BYTE      AUXINTIF
      000000FDH   SFRSYM    DATA     BYTE      S4CON
      000000ACH   SFRSYM    DATA     BYTE      S3CON
      0000009AH   SFRSYM    DATA     BYTE      S2CON
      000000B7H   SFRSYM    DATA     BYTE      IPH
      000000CDH   SFRSYM    DATA     BYTE      SPSTAT
      000000DDH   SFRSYM    DATA     BYTE      T4T3M
      000000C1H   SFRSYM    DATA     BYTE      WDT_CONTR
      000000DFH   SFRSYM    DATA     BYTE      IP3
      000000F4H   SFRSYM    DATA     BYTE      USBCON
      000000B5H   SFRSYM    DATA     BYTE      IP2
      000000FFH   SFRSYM    DATA     BYTE      RSTCFG
      000000F9H   SFRSYM    DATA     BYTE      LINICR
      0000008EH   SFRSYM    DATA     BYTE      AUXR
      000000AFH   SFRSYM    DATA     BYTE      IE2
      00000088H   SFRSYM    DATA     BYTE      TCON
      00000098H   SFRSYM    DATA     BYTE      SCON
      000000F1H   SFRSYM    DATA     BYTE      CANICR
      00000087H   SFRSYM    DATA     BYTE      PCON
      000000BCH   SFRSYM    DATA     BYTE      ADC_CONTR
      000000E7H   SFRSYM    DATA     BYTE      CMPCR2
      000000E6H   SFRSYM    DATA     BYTE      CMPCR1
      000000B8H   SFRSYM    DATA     BYTE      IP
      0000008FH   SFRSYM    DATA     BYTE      INTCLKO
      000000EEH   SFRSYM    DATA     BYTE      IP3H
      000000B6H   SFRSYM    DATA     BYTE      IP2H
      000000A8H   SFRSYM    DATA     BYTE      IE
      000000BBH   SFRSYM    DATA     BYTE      P_SW3
      000000BAH   SFRSYM    DATA     BYTE      P_SW2
      000000A2H   SFRSYM    DATA     BYTE      P_SW1
      000000CEH   SFRSYM    DATA     BYTE      SPCTL
      000000F8H   SFRSYM    DATA     BYTE      P7
      000000E8H   SFRSYM    DATA     BYTE      P6
      000000C8H   SFRSYM    DATA     BYTE      P5
      000000C0H   SFRSYM    DATA     BYTE      P4
      000000B0H   SFRSYM    DATA     BYTE      P3
      000000A0H   SFRSYM    DATA     BYTE      P2
      00000090H   SFRSYM    DATA     BYTE      P1
      00000080H   SFRSYM    DATA     BYTE      P0

      ---         MODULE    ---      ---       usb_desc
      00FF0F8BH   PUBLIC    CODE     ---       PRODUCTDESC
      00FF0FA9H   PUBLIC    CODE     ---       LANGIDDESC
      00FF0FADH   PUBLIC    CODE     ---       DEVICEDESC
      00FF0FBFH   PUBLIC    CODE     ---       CONFIGDESC
      00FF1002H   PUBLIC    CODE     ---       PACKET0
      00FF1004H   PUBLIC    CODE     ---       PACKET1
      00FF1006H   PUBLIC    CODE     ---       MANUFACTDESC
      000000D0H   SFRSYM    DATA     BYTE      PSW
      0000009DH   SFRSYM    DATA     BYTE      IRCBAND
      00000097H   SFRSYM    DATA     BYTE      AUXR2
      000000EFH   SFRSYM    DATA     BYTE      AUXINTIF
      000000FDH   SFRSYM    DATA     BYTE      S4CON
      000000ACH   SFRSYM    DATA     BYTE      S3CON
L251 LINKER/LOCATER V4.66.93.0                                                        02/16/2026  01:45:12  PAGE 28


      0000009AH   SFRSYM    DATA     BYTE      S2CON
      000000B7H   SFRSYM    DATA     BYTE      IPH
      000000CDH   SFRSYM    DATA     BYTE      SPSTAT
      000000DDH   SFRSYM    DATA     BYTE      T4T3M
      000000C1H   SFRSYM    DATA     BYTE      WDT_CONTR
      000000DFH   SFRSYM    DATA     BYTE      IP3
      000000F4H   SFRSYM    DATA     BYTE      USBCON
      000000B5H   SFRSYM    DATA     BYTE      IP2
      000000FFH   SFRSYM    DATA     BYTE      RSTCFG
      000000F9H   SFRSYM    DATA     BYTE      LINICR
      0000008EH   SFRSYM    DATA     BYTE      AUXR
      000000AFH   SFRSYM    DATA     BYTE      IE2
      00000088H   SFRSYM    DATA     BYTE      TCON
      00000098H   SFRSYM    DATA     BYTE      SCON
      000000F1H   SFRSYM    DATA     BYTE      CANICR
      00000087H   SFRSYM    DATA     BYTE      PCON
      000000BCH   SFRSYM    DATA     BYTE      ADC_CONTR
      000000E7H   SFRSYM    DATA     BYTE      CMPCR2
      000000E6H   SFRSYM    DATA     BYTE      CMPCR1
      000000B8H   SFRSYM    DATA     BYTE      IP
      0000008FH   SFRSYM    DATA     BYTE      INTCLKO
      000000EEH   SFRSYM    DATA     BYTE      IP3H
      000000B6H   SFRSYM    DATA     BYTE      IP2H
      000000A8H   SFRSYM    DATA     BYTE      IE
      000000BBH   SFRSYM    DATA     BYTE      P_SW3
      000000BAH   SFRSYM    DATA     BYTE      P_SW2
      000000A2H   SFRSYM    DATA     BYTE      P_SW1
      000000CEH   SFRSYM    DATA     BYTE      SPCTL
      000000F8H   SFRSYM    DATA     BYTE      P7
      000000E8H   SFRSYM    DATA     BYTE      P6
      000000C8H   SFRSYM    DATA     BYTE      P5
      000000C0H   SFRSYM    DATA     BYTE      P4
      000000B0H   SFRSYM    DATA     BYTE      P3
      000000A0H   SFRSYM    DATA     BYTE      P2
      00000090H   SFRSYM    DATA     BYTE      P1
      00000080H   SFRSYM    DATA     BYTE      P0

      ---         MODULE    ---      ---       SPRINTF
      0000004DH   PUBLIC    EDATA    ---       ?SPRINTF?BYTE
      00FF0246H   PUBLIC    CODE     NEAR LAB  SPRINTF

      ---         MODULE    ---      ---       VSPRINTF
      0000001EH   PUBLIC    EDATA    ---       ?VSPRINTF?BYTE
      00FF0266H   PUBLIC    CODE     NEAR LAB  VSPRINTF

      ---         MODULE    ---      ---       ?C?PRNFMT
      00FF02AFH   PUBLIC    CODE     ---       ?C?PRNFMT

      ---         MODULE    ---      ---       ?C?FPCONVERT
      00FF06CCH   PUBLIC    CODE     ---       ?C?FPCONVERT
      00FF0784H   PUBLIC    CODE     ---       ?C?FPROUND

      ---         MODULE    ---      ---       ?C?FPMUL
      00FF07C7H   PUBLIC    CODE     ---       ?C?FPMUL

      ---         MODULE    ---      ---       ?C?FPDIV
      00FF0867H   PUBLIC    CODE     ---       ?C?FPDIV

      ---         MODULE    ---      ---       ?C?FTNPWR
      00FF0918H   PUBLIC    CODE     ---       ?C?FTNPWR

      ---         MODULE    ---      ---       ?C?FPGETOPN
      00FF094FH   PUBLIC    CODE     ---       ?C?FPGETOPN2
      00FF098CH   PUBLIC    CODE     ---       ?C?FPNANRESULT
      00FF0994H   PUBLIC    CODE     ---       ?C?FPOVERFLOW
L251 LINKER/LOCATER V4.66.93.0                                                        02/16/2026  01:45:12  PAGE 29


      00FF0968H   PUBLIC    CODE     ---       ?C?FPRESULT
      00FF097EH   PUBLIC    CODE     ---       ?C?FPRESULT2
      00FF0991H   PUBLIC    CODE     ---       ?C?FPUNDERFLOW

      ---         MODULE    ---      ---       ?C_START
      00FF0000H   PUBLIC    CODE     ---       ?C?STARTUP
      00FF0000H   PUBLIC    CODE     ---       ?C_STARTUP

      ---         MODULE    ---      ---       ?C?INITEDATA
      00FF13AEH   PUBLIC    CODE     ---       ?C?INITEDATA

      ---         MODULE    ---      ---       ?C?LMUL
      00FF09A0H   PUBLIC    CODE     ---       ?C?LMUL

      ---         MODULE    ---      ---       STRLEN

      ---         MODULE    ---      ---       memcpy

      ---         MODULE    ---      ---       ?C?INITEDATA_END
      00FF180CH   PUBLIC    HCONST   WORD      ?C?INITEDATA_END

Program Size: data=8.4 edata+hdata=340 xdata=602 const=156 code=6021
L251 RUN COMPLETE.  0 WARNING(S),  0 ERROR(S)
